<!doctype html public "-//w3c//dtd html 4.0 transitional//en">
<html><head>
<title>Static Call Graph - [.\Obj\csh.axf]</title></head>
<body><HR>
<H1>Static Call Graph for image .\Obj\csh.axf</H1><HR>
<BR><P>#&#060CALLGRAPH&#062# ARM Linker, 4.1 [Build 481]: Last Updated: Mon Jan 22 15:34:58 2018
<BR><P>
<H3>Maximum Stack Usage =        592 bytes + Unknown(Untraceable Function Pointers)</H3><H3>
Call chain for Maximum Stack Depth:</H3>
main &rArr; Obd_task &rArr; Obd_PidCycle_Deal &rArr; Ecu_MilState &rArr; App_ExeCmd &rArr; BspObdiiRead &rArr; BspObdii_VpwRead &rArr; Vpw_Rec_Deal &rArr; PwmDataIn &rArr; SendPwmFrame &rArr; CheckSysTick &rArr; MyPrintf &rArr; Uart_send
<P>
<H3>
Function Pointers
</H3><UL>
 <LI><a href="#[0]">Reset_Handler</a> from startup_stm32f10x_md.o(.text) referenced from startup_stm32f10x_md.o(RESET)
 <LI><a href="#[1]">NMI_Handler</a> from stm32f10x_it.o(i.NMI_Handler) referenced from startup_stm32f10x_md.o(RESET)
 <LI><a href="#[2]">HardFault_Handler</a> from stm32f10x_it.o(i.HardFault_Handler) referenced from startup_stm32f10x_md.o(RESET)
 <LI><a href="#[3]">MemManage_Handler</a> from stm32f10x_it.o(i.MemManage_Handler) referenced from startup_stm32f10x_md.o(RESET)
 <LI><a href="#[4]">BusFault_Handler</a> from stm32f10x_it.o(i.BusFault_Handler) referenced from startup_stm32f10x_md.o(RESET)
 <LI><a href="#[5]">UsageFault_Handler</a> from stm32f10x_it.o(i.UsageFault_Handler) referenced from startup_stm32f10x_md.o(RESET)
 <LI><a href="#[6]">SVC_Handler</a> from stm32f10x_it.o(i.SVC_Handler) referenced from startup_stm32f10x_md.o(RESET)
 <LI><a href="#[7]">DebugMon_Handler</a> from stm32f10x_it.o(i.DebugMon_Handler) referenced from startup_stm32f10x_md.o(RESET)
 <LI><a href="#[8]">PendSV_Handler</a> from stm32f10x_it.o(i.PendSV_Handler) referenced from startup_stm32f10x_md.o(RESET)
 <LI><a href="#[9]">SysTick_Handler</a> from stm32f10x_it.o(i.SysTick_Handler) referenced from startup_stm32f10x_md.o(RESET)
 <LI><a href="#[a]">WWDG_IRQHandler</a> from startup_stm32f10x_md.o(.text) referenced from startup_stm32f10x_md.o(RESET)
 <LI><a href="#[b]">PVD_IRQHandler</a> from startup_stm32f10x_md.o(.text) referenced from startup_stm32f10x_md.o(RESET)
 <LI><a href="#[c]">TAMPER_IRQHandler</a> from startup_stm32f10x_md.o(.text) referenced from startup_stm32f10x_md.o(RESET)
 <LI><a href="#[d]">RTC_IRQHandler</a> from startup_stm32f10x_md.o(.text) referenced from startup_stm32f10x_md.o(RESET)
 <LI><a href="#[e]">FLASH_IRQHandler</a> from startup_stm32f10x_md.o(.text) referenced from startup_stm32f10x_md.o(RESET)
 <LI><a href="#[f]">RCC_IRQHandler</a> from startup_stm32f10x_md.o(.text) referenced from startup_stm32f10x_md.o(RESET)
 <LI><a href="#[10]">EXTI0_IRQHandler</a> from startup_stm32f10x_md.o(.text) referenced from startup_stm32f10x_md.o(RESET)
 <LI><a href="#[11]">EXTI1_IRQHandler</a> from startup_stm32f10x_md.o(.text) referenced from startup_stm32f10x_md.o(RESET)
 <LI><a href="#[12]">EXTI2_IRQHandler</a> from startup_stm32f10x_md.o(.text) referenced from startup_stm32f10x_md.o(RESET)
 <LI><a href="#[13]">EXTI3_IRQHandler</a> from startup_stm32f10x_md.o(.text) referenced from startup_stm32f10x_md.o(RESET)
 <LI><a href="#[14]">EXTI4_IRQHandler</a> from startup_stm32f10x_md.o(.text) referenced from startup_stm32f10x_md.o(RESET)
 <LI><a href="#[15]">DMA1_Channel1_IRQHandler</a> from startup_stm32f10x_md.o(.text) referenced from startup_stm32f10x_md.o(RESET)
 <LI><a href="#[16]">DMA1_Channel2_IRQHandler</a> from startup_stm32f10x_md.o(.text) referenced from startup_stm32f10x_md.o(RESET)
 <LI><a href="#[17]">DMA1_Channel3_IRQHandler</a> from startup_stm32f10x_md.o(.text) referenced from startup_stm32f10x_md.o(RESET)
 <LI><a href="#[18]">DMA1_Channel4_IRQHandler</a> from startup_stm32f10x_md.o(.text) referenced from startup_stm32f10x_md.o(RESET)
 <LI><a href="#[19]">DMA1_Channel5_IRQHandler</a> from startup_stm32f10x_md.o(.text) referenced from startup_stm32f10x_md.o(RESET)
 <LI><a href="#[1a]">DMA1_Channel6_IRQHandler</a> from startup_stm32f10x_md.o(.text) referenced from startup_stm32f10x_md.o(RESET)
 <LI><a href="#[1b]">DMA1_Channel7_IRQHandler</a> from startup_stm32f10x_md.o(.text) referenced from startup_stm32f10x_md.o(RESET)
 <LI><a href="#[1c]">ADC1_2_IRQHandler</a> from startup_stm32f10x_md.o(.text) referenced from startup_stm32f10x_md.o(RESET)
 <LI><a href="#[1d]">USB_HP_CAN1_TX_IRQHandler</a> from driver_can.o(i.USB_HP_CAN1_TX_IRQHandler) referenced from startup_stm32f10x_md.o(RESET)
 <LI><a href="#[1e]">USB_LP_CAN1_RX0_IRQHandler</a> from driver_can.o(i.USB_LP_CAN1_RX0_IRQHandler) referenced from startup_stm32f10x_md.o(RESET)
 <LI><a href="#[1f]">CAN1_RX1_IRQHandler</a> from driver_can.o(i.CAN1_RX1_IRQHandler) referenced from startup_stm32f10x_md.o(RESET)
 <LI><a href="#[20]">CAN1_SCE_IRQHandler</a> from startup_stm32f10x_md.o(.text) referenced from startup_stm32f10x_md.o(RESET)
 <LI><a href="#[21]">EXTI9_5_IRQHandler</a> from startup_stm32f10x_md.o(.text) referenced from startup_stm32f10x_md.o(RESET)
 <LI><a href="#[22]">TIM1_BRK_IRQHandler</a> from startup_stm32f10x_md.o(.text) referenced from startup_stm32f10x_md.o(RESET)
 <LI><a href="#[23]">TIM1_UP_IRQHandler</a> from startup_stm32f10x_md.o(.text) referenced from startup_stm32f10x_md.o(RESET)
 <LI><a href="#[24]">TIM1_TRG_COM_IRQHandler</a> from startup_stm32f10x_md.o(.text) referenced from startup_stm32f10x_md.o(RESET)
 <LI><a href="#[25]">TIM1_CC_IRQHandler</a> from startup_stm32f10x_md.o(.text) referenced from startup_stm32f10x_md.o(RESET)
 <LI><a href="#[26]">TIM2_IRQHandler</a> from stm32f10x_it.o(i.TIM2_IRQHandler) referenced from startup_stm32f10x_md.o(RESET)
 <LI><a href="#[27]">TIM3_IRQHandler</a> from stm32f10x_it.o(i.TIM3_IRQHandler) referenced from startup_stm32f10x_md.o(RESET)
 <LI><a href="#[28]">TIM4_IRQHandler</a> from startup_stm32f10x_md.o(.text) referenced from startup_stm32f10x_md.o(RESET)
 <LI><a href="#[29]">I2C1_EV_IRQHandler</a> from startup_stm32f10x_md.o(.text) referenced from startup_stm32f10x_md.o(RESET)
 <LI><a href="#[2a]">I2C1_ER_IRQHandler</a> from startup_stm32f10x_md.o(.text) referenced from startup_stm32f10x_md.o(RESET)
 <LI><a href="#[2b]">I2C2_EV_IRQHandler</a> from startup_stm32f10x_md.o(.text) referenced from startup_stm32f10x_md.o(RESET)
 <LI><a href="#[2c]">I2C2_ER_IRQHandler</a> from startup_stm32f10x_md.o(.text) referenced from startup_stm32f10x_md.o(RESET)
 <LI><a href="#[2d]">SPI1_IRQHandler</a> from startup_stm32f10x_md.o(.text) referenced from startup_stm32f10x_md.o(RESET)
 <LI><a href="#[2e]">SPI2_IRQHandler</a> from startup_stm32f10x_md.o(.text) referenced from startup_stm32f10x_md.o(RESET)
 <LI><a href="#[2f]">USART1_IRQHandler</a> from stm32f10x_it.o(i.USART1_IRQHandler) referenced from startup_stm32f10x_md.o(RESET)
 <LI><a href="#[30]">USART2_IRQHandler</a> from stm32f10x_it.o(i.USART2_IRQHandler) referenced from startup_stm32f10x_md.o(RESET)
 <LI><a href="#[31]">USART3_IRQHandler</a> from stm32f10x_it.o(i.USART3_IRQHandler) referenced from startup_stm32f10x_md.o(RESET)
 <LI><a href="#[32]">EXTI15_10_IRQHandler</a> from stm32f10x_it.o(i.EXTI15_10_IRQHandler) referenced from startup_stm32f10x_md.o(RESET)
 <LI><a href="#[33]">RTCAlarm_IRQHandler</a> from startup_stm32f10x_md.o(.text) referenced from startup_stm32f10x_md.o(RESET)
 <LI><a href="#[34]">USBWakeUp_IRQHandler</a> from startup_stm32f10x_md.o(.text) referenced from startup_stm32f10x_md.o(RESET)
 <LI><a href="#[35]">main</a> from main.o(i.main) referenced from entry7.o(.ARM.Collect$$$$00000007)
 <LI><a href="#[36]">SystemInit</a> from system_stm32f10x.o(i.SystemInit) referenced from startup_stm32f10x_md.o(.text)
 <LI><a href="#[37]">__main</a> from entry.o(.ARM.Collect$$$$00000000) referenced from startup_stm32f10x_md.o(.text)
 <LI><a href="#[38]">_sputc</a> from printfa.o(i._sputc) referenced from printfa.o(i.__0sprintf)
 <LI><a href="#[38]">_sputc</a> from printfa.o(i._sputc) referenced from printfa.o(i.__0vsprintf)
</UL>
<P>
<H3>
Global Symbols
</H3>
<P><STRONG><a name="[37]"></a>__main</STRONG> (Thumb, 0 bytes, Stack size unknown bytes, entry.o(.ARM.Collect$$$$00000000))
<BR>[Address Reference Count : 1]<UL><LI> startup_stm32f10x_md.o(.text)
</UL>
<P><STRONG><a name="[18e]"></a>_main_stk</STRONG> (Thumb, 0 bytes, Stack size unknown bytes, entry2.o(.ARM.Collect$$$$00000001))

<P><STRONG><a name="[39]"></a>_main_scatterload</STRONG> (Thumb, 0 bytes, Stack size unknown bytes, entry5.o(.ARM.Collect$$$$00000004))
<BR><BR>[Calls]<UL><LI><a href="#[3a]">&gt;&gt;</a>&nbsp;&nbsp;&nbsp;__scatterload
</UL>

<P><STRONG><a name="[55]"></a>__main_after_scatterload</STRONG> (Thumb, 0 bytes, Stack size unknown bytes, entry5.o(.ARM.Collect$$$$00000004))
<BR><BR>[Called By]<UL><LI><a href="#[3a]">&gt;&gt;</a>&nbsp;&nbsp;&nbsp;__scatterload
</UL>

<P><STRONG><a name="[18f]"></a>_main_init</STRONG> (Thumb, 0 bytes, Stack size unknown bytes, entry7.o(.ARM.Collect$$$$00000007))

<P><STRONG><a name="[0]"></a>Reset_Handler</STRONG> (Thumb, 8 bytes, Stack size 0 bytes, startup_stm32f10x_md.o(.text))
<BR>[Address Reference Count : 1]<UL><LI> startup_stm32f10x_md.o(RESET)
</UL>
<P><STRONG><a name="[1c]"></a>ADC1_2_IRQHandler</STRONG> (Thumb, 0 bytes, Stack size 0 bytes, startup_stm32f10x_md.o(.text))
<BR>[Address Reference Count : 1]<UL><LI> startup_stm32f10x_md.o(RESET)
</UL>
<P><STRONG><a name="[20]"></a>CAN1_SCE_IRQHandler</STRONG> (Thumb, 0 bytes, Stack size 0 bytes, startup_stm32f10x_md.o(.text))
<BR>[Address Reference Count : 1]<UL><LI> startup_stm32f10x_md.o(RESET)
</UL>
<P><STRONG><a name="[15]"></a>DMA1_Channel1_IRQHandler</STRONG> (Thumb, 0 bytes, Stack size 0 bytes, startup_stm32f10x_md.o(.text))
<BR>[Address Reference Count : 1]<UL><LI> startup_stm32f10x_md.o(RESET)
</UL>
<P><STRONG><a name="[16]"></a>DMA1_Channel2_IRQHandler</STRONG> (Thumb, 0 bytes, Stack size 0 bytes, startup_stm32f10x_md.o(.text))
<BR>[Address Reference Count : 1]<UL><LI> startup_stm32f10x_md.o(RESET)
</UL>
<P><STRONG><a name="[17]"></a>DMA1_Channel3_IRQHandler</STRONG> (Thumb, 0 bytes, Stack size 0 bytes, startup_stm32f10x_md.o(.text))
<BR>[Address Reference Count : 1]<UL><LI> startup_stm32f10x_md.o(RESET)
</UL>
<P><STRONG><a name="[18]"></a>DMA1_Channel4_IRQHandler</STRONG> (Thumb, 0 bytes, Stack size 0 bytes, startup_stm32f10x_md.o(.text))
<BR>[Address Reference Count : 1]<UL><LI> startup_stm32f10x_md.o(RESET)
</UL>
<P><STRONG><a name="[19]"></a>DMA1_Channel5_IRQHandler</STRONG> (Thumb, 0 bytes, Stack size 0 bytes, startup_stm32f10x_md.o(.text))
<BR>[Address Reference Count : 1]<UL><LI> startup_stm32f10x_md.o(RESET)
</UL>
<P><STRONG><a name="[1a]"></a>DMA1_Channel6_IRQHandler</STRONG> (Thumb, 0 bytes, Stack size 0 bytes, startup_stm32f10x_md.o(.text))
<BR>[Address Reference Count : 1]<UL><LI> startup_stm32f10x_md.o(RESET)
</UL>
<P><STRONG><a name="[1b]"></a>DMA1_Channel7_IRQHandler</STRONG> (Thumb, 0 bytes, Stack size 0 bytes, startup_stm32f10x_md.o(.text))
<BR>[Address Reference Count : 1]<UL><LI> startup_stm32f10x_md.o(RESET)
</UL>
<P><STRONG><a name="[10]"></a>EXTI0_IRQHandler</STRONG> (Thumb, 0 bytes, Stack size 0 bytes, startup_stm32f10x_md.o(.text))
<BR>[Address Reference Count : 1]<UL><LI> startup_stm32f10x_md.o(RESET)
</UL>
<P><STRONG><a name="[11]"></a>EXTI1_IRQHandler</STRONG> (Thumb, 0 bytes, Stack size 0 bytes, startup_stm32f10x_md.o(.text))
<BR>[Address Reference Count : 1]<UL><LI> startup_stm32f10x_md.o(RESET)
</UL>
<P><STRONG><a name="[12]"></a>EXTI2_IRQHandler</STRONG> (Thumb, 0 bytes, Stack size 0 bytes, startup_stm32f10x_md.o(.text))
<BR>[Address Reference Count : 1]<UL><LI> startup_stm32f10x_md.o(RESET)
</UL>
<P><STRONG><a name="[13]"></a>EXTI3_IRQHandler</STRONG> (Thumb, 0 bytes, Stack size 0 bytes, startup_stm32f10x_md.o(.text))
<BR>[Address Reference Count : 1]<UL><LI> startup_stm32f10x_md.o(RESET)
</UL>
<P><STRONG><a name="[14]"></a>EXTI4_IRQHandler</STRONG> (Thumb, 0 bytes, Stack size 0 bytes, startup_stm32f10x_md.o(.text))
<BR>[Address Reference Count : 1]<UL><LI> startup_stm32f10x_md.o(RESET)
</UL>
<P><STRONG><a name="[21]"></a>EXTI9_5_IRQHandler</STRONG> (Thumb, 0 bytes, Stack size 0 bytes, startup_stm32f10x_md.o(.text))
<BR>[Address Reference Count : 1]<UL><LI> startup_stm32f10x_md.o(RESET)
</UL>
<P><STRONG><a name="[e]"></a>FLASH_IRQHandler</STRONG> (Thumb, 0 bytes, Stack size 0 bytes, startup_stm32f10x_md.o(.text))
<BR>[Address Reference Count : 1]<UL><LI> startup_stm32f10x_md.o(RESET)
</UL>
<P><STRONG><a name="[2a]"></a>I2C1_ER_IRQHandler</STRONG> (Thumb, 0 bytes, Stack size 0 bytes, startup_stm32f10x_md.o(.text))
<BR>[Address Reference Count : 1]<UL><LI> startup_stm32f10x_md.o(RESET)
</UL>
<P><STRONG><a name="[29]"></a>I2C1_EV_IRQHandler</STRONG> (Thumb, 0 bytes, Stack size 0 bytes, startup_stm32f10x_md.o(.text))
<BR>[Address Reference Count : 1]<UL><LI> startup_stm32f10x_md.o(RESET)
</UL>
<P><STRONG><a name="[2c]"></a>I2C2_ER_IRQHandler</STRONG> (Thumb, 0 bytes, Stack size 0 bytes, startup_stm32f10x_md.o(.text))
<BR>[Address Reference Count : 1]<UL><LI> startup_stm32f10x_md.o(RESET)
</UL>
<P><STRONG><a name="[2b]"></a>I2C2_EV_IRQHandler</STRONG> (Thumb, 0 bytes, Stack size 0 bytes, startup_stm32f10x_md.o(.text))
<BR>[Address Reference Count : 1]<UL><LI> startup_stm32f10x_md.o(RESET)
</UL>
<P><STRONG><a name="[b]"></a>PVD_IRQHandler</STRONG> (Thumb, 0 bytes, Stack size 0 bytes, startup_stm32f10x_md.o(.text))
<BR>[Address Reference Count : 1]<UL><LI> startup_stm32f10x_md.o(RESET)
</UL>
<P><STRONG><a name="[f]"></a>RCC_IRQHandler</STRONG> (Thumb, 0 bytes, Stack size 0 bytes, startup_stm32f10x_md.o(.text))
<BR>[Address Reference Count : 1]<UL><LI> startup_stm32f10x_md.o(RESET)
</UL>
<P><STRONG><a name="[33]"></a>RTCAlarm_IRQHandler</STRONG> (Thumb, 0 bytes, Stack size 0 bytes, startup_stm32f10x_md.o(.text))
<BR>[Address Reference Count : 1]<UL><LI> startup_stm32f10x_md.o(RESET)
</UL>
<P><STRONG><a name="[d]"></a>RTC_IRQHandler</STRONG> (Thumb, 0 bytes, Stack size 0 bytes, startup_stm32f10x_md.o(.text))
<BR>[Address Reference Count : 1]<UL><LI> startup_stm32f10x_md.o(RESET)
</UL>
<P><STRONG><a name="[2d]"></a>SPI1_IRQHandler</STRONG> (Thumb, 0 bytes, Stack size 0 bytes, startup_stm32f10x_md.o(.text))
<BR>[Address Reference Count : 1]<UL><LI> startup_stm32f10x_md.o(RESET)
</UL>
<P><STRONG><a name="[2e]"></a>SPI2_IRQHandler</STRONG> (Thumb, 0 bytes, Stack size 0 bytes, startup_stm32f10x_md.o(.text))
<BR>[Address Reference Count : 1]<UL><LI> startup_stm32f10x_md.o(RESET)
</UL>
<P><STRONG><a name="[c]"></a>TAMPER_IRQHandler</STRONG> (Thumb, 0 bytes, Stack size 0 bytes, startup_stm32f10x_md.o(.text))
<BR>[Address Reference Count : 1]<UL><LI> startup_stm32f10x_md.o(RESET)
</UL>
<P><STRONG><a name="[22]"></a>TIM1_BRK_IRQHandler</STRONG> (Thumb, 0 bytes, Stack size 0 bytes, startup_stm32f10x_md.o(.text))
<BR>[Address Reference Count : 1]<UL><LI> startup_stm32f10x_md.o(RESET)
</UL>
<P><STRONG><a name="[25]"></a>TIM1_CC_IRQHandler</STRONG> (Thumb, 0 bytes, Stack size 0 bytes, startup_stm32f10x_md.o(.text))
<BR>[Address Reference Count : 1]<UL><LI> startup_stm32f10x_md.o(RESET)
</UL>
<P><STRONG><a name="[24]"></a>TIM1_TRG_COM_IRQHandler</STRONG> (Thumb, 0 bytes, Stack size 0 bytes, startup_stm32f10x_md.o(.text))
<BR>[Address Reference Count : 1]<UL><LI> startup_stm32f10x_md.o(RESET)
</UL>
<P><STRONG><a name="[23]"></a>TIM1_UP_IRQHandler</STRONG> (Thumb, 0 bytes, Stack size 0 bytes, startup_stm32f10x_md.o(.text))
<BR>[Address Reference Count : 1]<UL><LI> startup_stm32f10x_md.o(RESET)
</UL>
<P><STRONG><a name="[28]"></a>TIM4_IRQHandler</STRONG> (Thumb, 0 bytes, Stack size 0 bytes, startup_stm32f10x_md.o(.text))
<BR>[Address Reference Count : 1]<UL><LI> startup_stm32f10x_md.o(RESET)
</UL>
<P><STRONG><a name="[34]"></a>USBWakeUp_IRQHandler</STRONG> (Thumb, 0 bytes, Stack size 0 bytes, startup_stm32f10x_md.o(.text))
<BR>[Address Reference Count : 1]<UL><LI> startup_stm32f10x_md.o(RESET)
</UL>
<P><STRONG><a name="[a]"></a>WWDG_IRQHandler</STRONG> (Thumb, 0 bytes, Stack size 0 bytes, startup_stm32f10x_md.o(.text))
<BR>[Address Reference Count : 1]<UL><LI> startup_stm32f10x_md.o(RESET)
</UL>
<P><STRONG><a name="[6a]"></a>__aeabi_memcpy</STRONG> (Thumb, 36 bytes, Stack size 0 bytes, memcpya.o(.text))
<BR><BR>[Called By]<UL><LI><a href="#[f3]">&gt;&gt;</a>&nbsp;&nbsp;&nbsp;Obd_task
<LI><a href="#[109]">&gt;&gt;</a>&nbsp;&nbsp;&nbsp;ReadSavePara
<LI><a href="#[69]">&gt;&gt;</a>&nbsp;&nbsp;&nbsp;App_ReadVIN
<LI><a href="#[100]">&gt;&gt;</a>&nbsp;&nbsp;&nbsp;Pro_Parse
<LI><a href="#[6d]">&gt;&gt;</a>&nbsp;&nbsp;&nbsp;Pro_Pack_Obd
<LI><a href="#[f5]">&gt;&gt;</a>&nbsp;&nbsp;&nbsp;Pro_Pack_Answer
<LI><a href="#[117]">&gt;&gt;</a>&nbsp;&nbsp;&nbsp;VpwDataIn
<LI><a href="#[ac]">&gt;&gt;</a>&nbsp;&nbsp;&nbsp;SendVpwFrame
<LI><a href="#[aa]">&gt;&gt;</a>&nbsp;&nbsp;&nbsp;SendPwmFrame
<LI><a href="#[105]">&gt;&gt;</a>&nbsp;&nbsp;&nbsp;PwmDataIn
<LI><a href="#[a8]">&gt;&gt;</a>&nbsp;&nbsp;&nbsp;Kwp_DataRec
<LI><a href="#[a7]">&gt;&gt;</a>&nbsp;&nbsp;&nbsp;Iso_DataRec
<LI><a href="#[9c]">&gt;&gt;</a>&nbsp;&nbsp;&nbsp;BspObdii_VpwRead
<LI><a href="#[9b]">&gt;&gt;</a>&nbsp;&nbsp;&nbsp;BspObdii_PwmRead
<LI><a href="#[9e]">&gt;&gt;</a>&nbsp;&nbsp;&nbsp;BspObdii_Kwp2000Read
<LI><a href="#[9d]">&gt;&gt;</a>&nbsp;&nbsp;&nbsp;BspObdii_Iso9141Read
<LI><a href="#[9f]">&gt;&gt;</a>&nbsp;&nbsp;&nbsp;BspObdii_CanStdRead
<LI><a href="#[a0]">&gt;&gt;</a>&nbsp;&nbsp;&nbsp;BspObdii_CanExtRead
</UL>

<P><STRONG><a name="[b1]"></a>__aeabi_memcpy4</STRONG> (Thumb, 0 bytes, Stack size 0 bytes, memcpya.o(.text))
<BR><BR>[Called By]<UL><LI><a href="#[b0]">&gt;&gt;</a>&nbsp;&nbsp;&nbsp;ByteToStr
<LI><a href="#[a9]">&gt;&gt;</a>&nbsp;&nbsp;&nbsp;GetPwmCrc
<LI><a href="#[ed]">&gt;&gt;</a>&nbsp;&nbsp;&nbsp;Obd_GetPid_SupZiCheck
</UL>

<P><STRONG><a name="[190]"></a>__aeabi_memcpy8</STRONG> (Thumb, 0 bytes, Stack size 0 bytes, memcpya.o(.text), UNUSED)

<P><STRONG><a name="[3c]"></a>__aeabi_memset</STRONG> (Thumb, 14 bytes, Stack size 0 bytes, memseta.o(.text))
<BR><BR>[Called By]<UL><LI><a href="#[3d]">&gt;&gt;</a>&nbsp;&nbsp;&nbsp;_memset$wrapper
<LI><a href="#[3b]">&gt;&gt;</a>&nbsp;&nbsp;&nbsp;__aeabi_memclr
</UL>

<P><STRONG><a name="[191]"></a>__aeabi_memset4</STRONG> (Thumb, 0 bytes, Stack size 0 bytes, memseta.o(.text), UNUSED)

<P><STRONG><a name="[192]"></a>__aeabi_memset8</STRONG> (Thumb, 0 bytes, Stack size 0 bytes, memseta.o(.text), UNUSED)

<P><STRONG><a name="[3b]"></a>__aeabi_memclr</STRONG> (Thumb, 4 bytes, Stack size 0 bytes, memseta.o(.text))
<BR><BR>[Calls]<UL><LI><a href="#[3c]">&gt;&gt;</a>&nbsp;&nbsp;&nbsp;__aeabi_memset
</UL>
<BR>[Called By]<UL><LI><a href="#[fd]">&gt;&gt;</a>&nbsp;&nbsp;&nbsp;Pro_Initial
<LI><a href="#[f3]">&gt;&gt;</a>&nbsp;&nbsp;&nbsp;Obd_task
<LI><a href="#[ec]">&gt;&gt;</a>&nbsp;&nbsp;&nbsp;Obd_App_Initial
<LI><a href="#[ea]">&gt;&gt;</a>&nbsp;&nbsp;&nbsp;ObdDealInital
<LI><a href="#[ae]">&gt;&gt;</a>&nbsp;&nbsp;&nbsp;BspObdii_initial
<LI><a href="#[35]">&gt;&gt;</a>&nbsp;&nbsp;&nbsp;main
<LI><a href="#[fa]">&gt;&gt;</a>&nbsp;&nbsp;&nbsp;PowerCheck
<LI><a href="#[69]">&gt;&gt;</a>&nbsp;&nbsp;&nbsp;App_ReadVIN
<LI><a href="#[66]">&gt;&gt;</a>&nbsp;&nbsp;&nbsp;App_ExeCmd
<LI><a href="#[64]">&gt;&gt;</a>&nbsp;&nbsp;&nbsp;App_CmdDtc
<LI><a href="#[62]">&gt;&gt;</a>&nbsp;&nbsp;&nbsp;App_CmdClearDtc
<LI><a href="#[ac]">&gt;&gt;</a>&nbsp;&nbsp;&nbsp;SendVpwFrame
<LI><a href="#[aa]">&gt;&gt;</a>&nbsp;&nbsp;&nbsp;SendPwmFrame
<LI><a href="#[e0]">&gt;&gt;</a>&nbsp;&nbsp;&nbsp;Iso_Initial
<LI><a href="#[a5]">&gt;&gt;</a>&nbsp;&nbsp;&nbsp;IsoRecClear
<LI><a href="#[e5]">&gt;&gt;</a>&nbsp;&nbsp;&nbsp;Kwp25bps_EntryLink
<LI><a href="#[df]">&gt;&gt;</a>&nbsp;&nbsp;&nbsp;Iso9141_EntryLink
<LI><a href="#[c1]">&gt;&gt;</a>&nbsp;&nbsp;&nbsp;CanStd500K_EntryLink
<LI><a href="#[bf]">&gt;&gt;</a>&nbsp;&nbsp;&nbsp;CanStd250K_EntryLink
<LI><a href="#[be]">&gt;&gt;</a>&nbsp;&nbsp;&nbsp;CanExt500K_EntryLink
<LI><a href="#[b7]">&gt;&gt;</a>&nbsp;&nbsp;&nbsp;CanExt250K_EntryLink
</UL>

<P><STRONG><a name="[193]"></a>__aeabi_memclr4</STRONG> (Thumb, 0 bytes, Stack size 0 bytes, memseta.o(.text), UNUSED)

<P><STRONG><a name="[194]"></a>__aeabi_memclr8</STRONG> (Thumb, 0 bytes, Stack size 0 bytes, memseta.o(.text), UNUSED)

<P><STRONG><a name="[3d]"></a>_memset$wrapper</STRONG> (Thumb, 20 bytes, Stack size 8 bytes, memseta.o(.text), UNUSED)
<BR><BR>[Calls]<UL><LI><a href="#[3c]">&gt;&gt;</a>&nbsp;&nbsp;&nbsp;__aeabi_memset
</UL>

<P><STRONG><a name="[112]"></a>strlen</STRONG> (Thumb, 16 bytes, Stack size 0 bytes, strlen.o(.text))
<BR><BR>[Called By]<UL><LI><a href="#[5e]">&gt;&gt;</a>&nbsp;&nbsp;&nbsp;Trace
</UL>

<P><STRONG><a name="[3e]"></a>__aeabi_fadd</STRONG> (Thumb, 164 bytes, Stack size 16 bytes, fadd.o(.text))
<BR><BR>[Stack]<UL><LI>Max Depth = 20<LI>Call Chain = __aeabi_fadd &rArr; _float_epilogue
</UL>
<BR>[Calls]<UL><LI><a href="#[40]">&gt;&gt;</a>&nbsp;&nbsp;&nbsp;_float_round
<LI><a href="#[3f]">&gt;&gt;</a>&nbsp;&nbsp;&nbsp;_float_epilogue
</UL>
<BR>[Called By]<UL><LI><a href="#[6f]">&gt;&gt;</a>&nbsp;&nbsp;&nbsp;App_VssDeal
<LI><a href="#[56]">&gt;&gt;</a>&nbsp;&nbsp;&nbsp;AccOff_Deal
<LI><a href="#[fe]">&gt;&gt;</a>&nbsp;&nbsp;&nbsp;Read_Trips_Data
<LI><a href="#[41]">&gt;&gt;</a>&nbsp;&nbsp;&nbsp;__aeabi_fsub
<LI><a href="#[57]">&gt;&gt;</a>&nbsp;&nbsp;&nbsp;Trip_end_up
<LI><a href="#[5f]">&gt;&gt;</a>&nbsp;&nbsp;&nbsp;Oil_Calc
<LI><a href="#[42]">&gt;&gt;</a>&nbsp;&nbsp;&nbsp;__aeabi_frsub
</UL>

<P><STRONG><a name="[41]"></a>__aeabi_fsub</STRONG> (Thumb, 6 bytes, Stack size 0 bytes, fadd.o(.text))
<BR><BR>[Stack]<UL><LI>Max Depth = 20<LI>Call Chain = __aeabi_fsub &rArr; __aeabi_fadd &rArr; _float_epilogue
</UL>
<BR>[Calls]<UL><LI><a href="#[3e]">&gt;&gt;</a>&nbsp;&nbsp;&nbsp;__aeabi_fadd
</UL>
<BR>[Called By]<UL><LI><a href="#[f8]">&gt;&gt;</a>&nbsp;&nbsp;&nbsp;Oil_Arith_PID10
<LI><a href="#[f6]">&gt;&gt;</a>&nbsp;&nbsp;&nbsp;Oil_Arith_PID0b
<LI><a href="#[70]">&gt;&gt;</a>&nbsp;&nbsp;&nbsp;trip_speed_check
</UL>

<P><STRONG><a name="[42]"></a>__aeabi_frsub</STRONG> (Thumb, 6 bytes, Stack size 0 bytes, fadd.o(.text), UNUSED)
<BR><BR>[Calls]<UL><LI><a href="#[3e]">&gt;&gt;</a>&nbsp;&nbsp;&nbsp;__aeabi_fadd
</UL>

<P><STRONG><a name="[e8]"></a>__aeabi_fmul</STRONG> (Thumb, 108 bytes, Stack size 8 bytes, fmul.o(.text))
<BR><BR>[Stack]<UL><LI>Max Depth = 8<LI>Call Chain = __aeabi_fmul
</UL>
<BR>[Called By]<UL><LI><a href="#[fa]">&gt;&gt;</a>&nbsp;&nbsp;&nbsp;PowerCheck
<LI><a href="#[fe]">&gt;&gt;</a>&nbsp;&nbsp;&nbsp;Read_Trips_Data
<LI><a href="#[f9]">&gt;&gt;</a>&nbsp;&nbsp;&nbsp;Oil_Arith_PID43
<LI><a href="#[f8]">&gt;&gt;</a>&nbsp;&nbsp;&nbsp;Oil_Arith_PID10
<LI><a href="#[f6]">&gt;&gt;</a>&nbsp;&nbsp;&nbsp;Oil_Arith_PID0b
<LI><a href="#[dc]">&gt;&gt;</a>&nbsp;&nbsp;&nbsp;MultiplyFlt
<LI><a href="#[57]">&gt;&gt;</a>&nbsp;&nbsp;&nbsp;Trip_end_up
<LI><a href="#[10d]">&gt;&gt;</a>&nbsp;&nbsp;&nbsp;Read_Trip_Data
<LI><a href="#[5f]">&gt;&gt;</a>&nbsp;&nbsp;&nbsp;Oil_Calc
</UL>

<P><STRONG><a name="[43]"></a>__aeabi_fdiv</STRONG> (Thumb, 128 bytes, Stack size 8 bytes, fdiv.o(.text))
<BR><BR>[Stack]<UL><LI>Max Depth = 8<LI>Call Chain = __aeabi_fdiv
</UL>
<BR>[Calls]<UL><LI><a href="#[40]">&gt;&gt;</a>&nbsp;&nbsp;&nbsp;_float_round
</UL>
<BR>[Called By]<UL><LI><a href="#[6f]">&gt;&gt;</a>&nbsp;&nbsp;&nbsp;App_VssDeal
<LI><a href="#[56]">&gt;&gt;</a>&nbsp;&nbsp;&nbsp;AccOff_Deal
<LI><a href="#[f5]">&gt;&gt;</a>&nbsp;&nbsp;&nbsp;Pro_Pack_Answer
<LI><a href="#[f8]">&gt;&gt;</a>&nbsp;&nbsp;&nbsp;Oil_Arith_PID10
<LI><a href="#[f6]">&gt;&gt;</a>&nbsp;&nbsp;&nbsp;Oil_Arith_PID0b
<LI><a href="#[db]">&gt;&gt;</a>&nbsp;&nbsp;&nbsp;Gas050fMoleDeno
<LI><a href="#[57]">&gt;&gt;</a>&nbsp;&nbsp;&nbsp;Trip_end_up
<LI><a href="#[10d]">&gt;&gt;</a>&nbsp;&nbsp;&nbsp;Read_Trip_Data
<LI><a href="#[5f]">&gt;&gt;</a>&nbsp;&nbsp;&nbsp;Oil_Calc
</UL>

<P><STRONG><a name="[f7]"></a>__ARM_scalbnf</STRONG> (Thumb, 24 bytes, Stack size 0 bytes, fscalb.o(.text))
<BR><BR>[Called By]<UL><LI><a href="#[f6]">&gt;&gt;</a>&nbsp;&nbsp;&nbsp;Oil_Arith_PID0b
</UL>

<P><STRONG><a name="[195]"></a>scalbnf</STRONG> (Thumb, 0 bytes, Stack size 0 bytes, fscalb.o(.text), UNUSED)

<P><STRONG><a name="[44]"></a>__aeabi_dadd</STRONG> (Thumb, 318 bytes, Stack size 48 bytes, dadd.o(.text))
<BR><BR>[Stack]<UL><LI>Max Depth = 104<LI>Call Chain = __aeabi_dadd &rArr; _double_epilogue &rArr; _double_round
</UL>
<BR>[Calls]<UL><LI><a href="#[46]">&gt;&gt;</a>&nbsp;&nbsp;&nbsp;__aeabi_lasr
<LI><a href="#[45]">&gt;&gt;</a>&nbsp;&nbsp;&nbsp;__aeabi_llsl
<LI><a href="#[48]">&gt;&gt;</a>&nbsp;&nbsp;&nbsp;_double_round
<LI><a href="#[47]">&gt;&gt;</a>&nbsp;&nbsp;&nbsp;_double_epilogue
</UL>
<BR>[Called By]<UL><LI><a href="#[49]">&gt;&gt;</a>&nbsp;&nbsp;&nbsp;__aeabi_dsub
<LI><a href="#[4a]">&gt;&gt;</a>&nbsp;&nbsp;&nbsp;__aeabi_drsub
<LI><a href="#[f6]">&gt;&gt;</a>&nbsp;&nbsp;&nbsp;Oil_Arith_PID0b
<LI><a href="#[de]">&gt;&gt;</a>&nbsp;&nbsp;&nbsp;Gas0fNo05
<LI><a href="#[db]">&gt;&gt;</a>&nbsp;&nbsp;&nbsp;Gas050fMoleDeno
<LI><a href="#[11b]">&gt;&gt;</a>&nbsp;&nbsp;&nbsp;_fp_digits
</UL>

<P><STRONG><a name="[49]"></a>__aeabi_dsub</STRONG> (Thumb, 6 bytes, Stack size 0 bytes, dadd.o(.text))
<BR><BR>[Stack]<UL><LI>Max Depth = 104<LI>Call Chain = __aeabi_dsub &rArr; __aeabi_dadd &rArr; _double_epilogue &rArr; _double_round
</UL>
<BR>[Calls]<UL><LI><a href="#[44]">&gt;&gt;</a>&nbsp;&nbsp;&nbsp;__aeabi_dadd
</UL>
<BR>[Called By]<UL><LI><a href="#[de]">&gt;&gt;</a>&nbsp;&nbsp;&nbsp;Gas0fNo05
<LI><a href="#[db]">&gt;&gt;</a>&nbsp;&nbsp;&nbsp;Gas050fMoleDeno
</UL>

<P><STRONG><a name="[4a]"></a>__aeabi_drsub</STRONG> (Thumb, 6 bytes, Stack size 0 bytes, dadd.o(.text))
<BR><BR>[Stack]<UL><LI>Max Depth = 104<LI>Call Chain = __aeabi_drsub &rArr; __aeabi_dadd &rArr; _double_epilogue &rArr; _double_round
</UL>
<BR>[Calls]<UL><LI><a href="#[44]">&gt;&gt;</a>&nbsp;&nbsp;&nbsp;__aeabi_dadd
</UL>
<BR>[Called By]<UL><LI><a href="#[de]">&gt;&gt;</a>&nbsp;&nbsp;&nbsp;Gas0fNo05
</UL>

<P><STRONG><a name="[4b]"></a>__aeabi_dmul</STRONG> (Thumb, 226 bytes, Stack size 48 bytes, dmul.o(.text))
<BR><BR>[Stack]<UL><LI>Max Depth = 104<LI>Call Chain = __aeabi_dmul &rArr; _double_epilogue &rArr; _double_round
</UL>
<BR>[Calls]<UL><LI><a href="#[47]">&gt;&gt;</a>&nbsp;&nbsp;&nbsp;_double_epilogue
</UL>
<BR>[Called By]<UL><LI><a href="#[fa]">&gt;&gt;</a>&nbsp;&nbsp;&nbsp;PowerCheck
<LI><a href="#[f9]">&gt;&gt;</a>&nbsp;&nbsp;&nbsp;Oil_Arith_PID43
<LI><a href="#[f8]">&gt;&gt;</a>&nbsp;&nbsp;&nbsp;Oil_Arith_PID10
<LI><a href="#[f6]">&gt;&gt;</a>&nbsp;&nbsp;&nbsp;Oil_Arith_PID0b
<LI><a href="#[de]">&gt;&gt;</a>&nbsp;&nbsp;&nbsp;Gas0fNo05
<LI><a href="#[db]">&gt;&gt;</a>&nbsp;&nbsp;&nbsp;Gas050fMoleDeno
<LI><a href="#[70]">&gt;&gt;</a>&nbsp;&nbsp;&nbsp;trip_speed_check
<LI><a href="#[57]">&gt;&gt;</a>&nbsp;&nbsp;&nbsp;Trip_end_up
<LI><a href="#[10d]">&gt;&gt;</a>&nbsp;&nbsp;&nbsp;Read_Trip_Data
<LI><a href="#[ee]">&gt;&gt;</a>&nbsp;&nbsp;&nbsp;Obd_PidCycle_Deal
<LI><a href="#[11b]">&gt;&gt;</a>&nbsp;&nbsp;&nbsp;_fp_digits
</UL>

<P><STRONG><a name="[4c]"></a>__aeabi_ddiv</STRONG> (Thumb, 222 bytes, Stack size 32 bytes, ddiv.o(.text))
<BR><BR>[Stack]<UL><LI>Max Depth = 40<LI>Call Chain = __aeabi_ddiv &rArr; _double_round
</UL>
<BR>[Calls]<UL><LI><a href="#[48]">&gt;&gt;</a>&nbsp;&nbsp;&nbsp;_double_round
</UL>
<BR>[Called By]<UL><LI><a href="#[fe]">&gt;&gt;</a>&nbsp;&nbsp;&nbsp;Read_Trips_Data
<LI><a href="#[f6]">&gt;&gt;</a>&nbsp;&nbsp;&nbsp;Oil_Arith_PID0b
<LI><a href="#[70]">&gt;&gt;</a>&nbsp;&nbsp;&nbsp;trip_speed_check
<LI><a href="#[57]">&gt;&gt;</a>&nbsp;&nbsp;&nbsp;Trip_end_up
<LI><a href="#[10d]">&gt;&gt;</a>&nbsp;&nbsp;&nbsp;Read_Trip_Data
<LI><a href="#[5f]">&gt;&gt;</a>&nbsp;&nbsp;&nbsp;Oil_Calc
<LI><a href="#[11b]">&gt;&gt;</a>&nbsp;&nbsp;&nbsp;_fp_digits
</UL>

<P><STRONG><a name="[4d]"></a>__aeabi_i2f</STRONG> (Thumb, 18 bytes, Stack size 0 bytes, fflti.o(.text))
<BR><BR>[Stack]<UL><LI>Max Depth = 4<LI>Call Chain = __aeabi_i2f &rArr; _float_epilogue
</UL>
<BR>[Calls]<UL><LI><a href="#[3f]">&gt;&gt;</a>&nbsp;&nbsp;&nbsp;_float_epilogue
</UL>
<BR>[Called By]<UL><LI><a href="#[ee]">&gt;&gt;</a>&nbsp;&nbsp;&nbsp;Obd_PidCycle_Deal
</UL>

<P><STRONG><a name="[4e]"></a>__aeabi_ui2f</STRONG> (Thumb, 10 bytes, Stack size 0 bytes, ffltui.o(.text))
<BR><BR>[Stack]<UL><LI>Max Depth = 4<LI>Call Chain = __aeabi_ui2f &rArr; _float_epilogue
</UL>
<BR>[Calls]<UL><LI><a href="#[3f]">&gt;&gt;</a>&nbsp;&nbsp;&nbsp;_float_epilogue
</UL>
<BR>[Called By]<UL><LI><a href="#[6f]">&gt;&gt;</a>&nbsp;&nbsp;&nbsp;App_VssDeal
<LI><a href="#[f5]">&gt;&gt;</a>&nbsp;&nbsp;&nbsp;Pro_Pack_Answer
<LI><a href="#[f8]">&gt;&gt;</a>&nbsp;&nbsp;&nbsp;Oil_Arith_PID10
<LI><a href="#[f6]">&gt;&gt;</a>&nbsp;&nbsp;&nbsp;Oil_Arith_PID0b
<LI><a href="#[dc]">&gt;&gt;</a>&nbsp;&nbsp;&nbsp;MultiplyFlt
<LI><a href="#[de]">&gt;&gt;</a>&nbsp;&nbsp;&nbsp;Gas0fNo05
<LI><a href="#[70]">&gt;&gt;</a>&nbsp;&nbsp;&nbsp;trip_speed_check
<LI><a href="#[57]">&gt;&gt;</a>&nbsp;&nbsp;&nbsp;Trip_end_up
<LI><a href="#[10d]">&gt;&gt;</a>&nbsp;&nbsp;&nbsp;Read_Trip_Data
<LI><a href="#[5f]">&gt;&gt;</a>&nbsp;&nbsp;&nbsp;Oil_Calc
<LI><a href="#[ee]">&gt;&gt;</a>&nbsp;&nbsp;&nbsp;Obd_PidCycle_Deal
</UL>

<P><STRONG><a name="[4f]"></a>__aeabi_ui2d</STRONG> (Thumb, 26 bytes, Stack size 16 bytes, dfltui.o(.text))
<BR><BR>[Stack]<UL><LI>Max Depth = 72<LI>Call Chain = __aeabi_ui2d &rArr; _double_epilogue &rArr; _double_round
</UL>
<BR>[Calls]<UL><LI><a href="#[47]">&gt;&gt;</a>&nbsp;&nbsp;&nbsp;_double_epilogue
</UL>
<BR>[Called By]<UL><LI><a href="#[fa]">&gt;&gt;</a>&nbsp;&nbsp;&nbsp;PowerCheck
<LI><a href="#[fe]">&gt;&gt;</a>&nbsp;&nbsp;&nbsp;Read_Trips_Data
<LI><a href="#[de]">&gt;&gt;</a>&nbsp;&nbsp;&nbsp;Gas0fNo05
<LI><a href="#[db]">&gt;&gt;</a>&nbsp;&nbsp;&nbsp;Gas050fMoleDeno
<LI><a href="#[70]">&gt;&gt;</a>&nbsp;&nbsp;&nbsp;trip_speed_check
<LI><a href="#[57]">&gt;&gt;</a>&nbsp;&nbsp;&nbsp;Trip_end_up
<LI><a href="#[10d]">&gt;&gt;</a>&nbsp;&nbsp;&nbsp;Read_Trip_Data
<LI><a href="#[5f]">&gt;&gt;</a>&nbsp;&nbsp;&nbsp;Oil_Calc
<LI><a href="#[ee]">&gt;&gt;</a>&nbsp;&nbsp;&nbsp;Obd_PidCycle_Deal
</UL>

<P><STRONG><a name="[71]"></a>__aeabi_f2uiz</STRONG> (Thumb, 40 bytes, Stack size 0 bytes, ffixui.o(.text))
<BR><BR>[Called By]<UL><LI><a href="#[6f]">&gt;&gt;</a>&nbsp;&nbsp;&nbsp;App_VssDeal
<LI><a href="#[57]">&gt;&gt;</a>&nbsp;&nbsp;&nbsp;Trip_end_up
<LI><a href="#[10d]">&gt;&gt;</a>&nbsp;&nbsp;&nbsp;Read_Trip_Data
</UL>

<P><STRONG><a name="[50]"></a>__aeabi_d2uiz</STRONG> (Thumb, 46 bytes, Stack size 0 bytes, dfixui.o(.text))
<BR><BR>[Calls]<UL><LI><a href="#[51]">&gt;&gt;</a>&nbsp;&nbsp;&nbsp;__aeabi_llsr
</UL>
<BR>[Called By]<UL><LI><a href="#[f6]">&gt;&gt;</a>&nbsp;&nbsp;&nbsp;Oil_Arith_PID0b
</UL>

<P><STRONG><a name="[dd]"></a>__aeabi_f2d</STRONG> (Thumb, 44 bytes, Stack size 0 bytes, f2d.o(.text))
<BR><BR>[Called By]<UL><LI><a href="#[fa]">&gt;&gt;</a>&nbsp;&nbsp;&nbsp;PowerCheck
<LI><a href="#[6d]">&gt;&gt;</a>&nbsp;&nbsp;&nbsp;Pro_Pack_Obd
<LI><a href="#[f9]">&gt;&gt;</a>&nbsp;&nbsp;&nbsp;Oil_Arith_PID43
<LI><a href="#[f8]">&gt;&gt;</a>&nbsp;&nbsp;&nbsp;Oil_Arith_PID10
<LI><a href="#[f6]">&gt;&gt;</a>&nbsp;&nbsp;&nbsp;Oil_Arith_PID0b
<LI><a href="#[de]">&gt;&gt;</a>&nbsp;&nbsp;&nbsp;Gas0fNo05
<LI><a href="#[db]">&gt;&gt;</a>&nbsp;&nbsp;&nbsp;Gas050fMoleDeno
<LI><a href="#[70]">&gt;&gt;</a>&nbsp;&nbsp;&nbsp;trip_speed_check
<LI><a href="#[57]">&gt;&gt;</a>&nbsp;&nbsp;&nbsp;Trip_end_up
<LI><a href="#[10d]">&gt;&gt;</a>&nbsp;&nbsp;&nbsp;Read_Trip_Data
<LI><a href="#[ee]">&gt;&gt;</a>&nbsp;&nbsp;&nbsp;Obd_PidCycle_Deal
</UL>

<P><STRONG><a name="[52]"></a>__aeabi_d2f</STRONG> (Thumb, 56 bytes, Stack size 8 bytes, d2f.o(.text))
<BR><BR>[Stack]<UL><LI>Max Depth = 8<LI>Call Chain = __aeabi_d2f
</UL>
<BR>[Calls]<UL><LI><a href="#[40]">&gt;&gt;</a>&nbsp;&nbsp;&nbsp;_float_round
</UL>
<BR>[Called By]<UL><LI><a href="#[fa]">&gt;&gt;</a>&nbsp;&nbsp;&nbsp;PowerCheck
<LI><a href="#[fe]">&gt;&gt;</a>&nbsp;&nbsp;&nbsp;Read_Trips_Data
<LI><a href="#[f9]">&gt;&gt;</a>&nbsp;&nbsp;&nbsp;Oil_Arith_PID43
<LI><a href="#[f8]">&gt;&gt;</a>&nbsp;&nbsp;&nbsp;Oil_Arith_PID10
<LI><a href="#[f6]">&gt;&gt;</a>&nbsp;&nbsp;&nbsp;Oil_Arith_PID0b
<LI><a href="#[de]">&gt;&gt;</a>&nbsp;&nbsp;&nbsp;Gas0fNo05
<LI><a href="#[db]">&gt;&gt;</a>&nbsp;&nbsp;&nbsp;Gas050fMoleDeno
<LI><a href="#[70]">&gt;&gt;</a>&nbsp;&nbsp;&nbsp;trip_speed_check
<LI><a href="#[57]">&gt;&gt;</a>&nbsp;&nbsp;&nbsp;Trip_end_up
<LI><a href="#[10d]">&gt;&gt;</a>&nbsp;&nbsp;&nbsp;Read_Trip_Data
<LI><a href="#[5f]">&gt;&gt;</a>&nbsp;&nbsp;&nbsp;Oil_Calc
<LI><a href="#[ee]">&gt;&gt;</a>&nbsp;&nbsp;&nbsp;Obd_PidCycle_Deal
</UL>

<P><STRONG><a name="[5d]"></a>__aeabi_cfcmpeq</STRONG> (Thumb, 0 bytes, Stack size 0 bytes, cfcmple.o(.text))
<BR><BR>[Called By]<UL><LI><a href="#[59]">&gt;&gt;</a>&nbsp;&nbsp;&nbsp;App_Accstate
</UL>

<P><STRONG><a name="[156]"></a>__aeabi_cfcmple</STRONG> (Thumb, 20 bytes, Stack size 0 bytes, cfcmple.o(.text), UNUSED)
<BR><BR>[Called By]<UL></UL>

<P><STRONG><a name="[196]"></a>__aeabi_uidiv</STRONG> (Thumb, 0 bytes, Stack size 12 bytes, uidiv.o(.text), UNUSED)

<P><STRONG><a name="[11f]"></a>__aeabi_uidivmod</STRONG> (Thumb, 44 bytes, Stack size 12 bytes, uidiv.o(.text), UNUSED)
<BR><BR>[Called By]<UL><LI><a href="#[119]">&gt;&gt;</a>&nbsp;&nbsp;&nbsp;_printf_core
</UL>

<P><STRONG><a name="[53]"></a>__aeabi_uldivmod</STRONG> (Thumb, 102 bytes, Stack size 40 bytes, uldiv.o(.text), UNUSED)
<BR><BR>[Calls]<UL><LI><a href="#[51]">&gt;&gt;</a>&nbsp;&nbsp;&nbsp;__aeabi_llsr
<LI><a href="#[45]">&gt;&gt;</a>&nbsp;&nbsp;&nbsp;__aeabi_llsl
</UL>
<BR>[Called By]<UL><LI><a href="#[119]">&gt;&gt;</a>&nbsp;&nbsp;&nbsp;_printf_core
<LI><a href="#[11b]">&gt;&gt;</a>&nbsp;&nbsp;&nbsp;_fp_digits
</UL>

<P><STRONG><a name="[45]"></a>__aeabi_llsl</STRONG> (Thumb, 30 bytes, Stack size 0 bytes, llshl.o(.text))
<BR><BR>[Called By]<UL><LI><a href="#[44]">&gt;&gt;</a>&nbsp;&nbsp;&nbsp;__aeabi_dadd
<LI><a href="#[53]">&gt;&gt;</a>&nbsp;&nbsp;&nbsp;__aeabi_uldivmod
<LI><a href="#[47]">&gt;&gt;</a>&nbsp;&nbsp;&nbsp;_double_epilogue
<LI><a href="#[54]">&gt;&gt;</a>&nbsp;&nbsp;&nbsp;__aeabi_d2ulz
</UL>

<P><STRONG><a name="[197]"></a>_ll_shift_l</STRONG> (Thumb, 0 bytes, Stack size 0 bytes, llshl.o(.text), UNUSED)

<P><STRONG><a name="[51]"></a>__aeabi_llsr</STRONG> (Thumb, 32 bytes, Stack size 0 bytes, llushr.o(.text))
<BR><BR>[Called By]<UL><LI><a href="#[50]">&gt;&gt;</a>&nbsp;&nbsp;&nbsp;__aeabi_d2uiz
<LI><a href="#[53]">&gt;&gt;</a>&nbsp;&nbsp;&nbsp;__aeabi_uldivmod
<LI><a href="#[47]">&gt;&gt;</a>&nbsp;&nbsp;&nbsp;_double_epilogue
<LI><a href="#[54]">&gt;&gt;</a>&nbsp;&nbsp;&nbsp;__aeabi_d2ulz
</UL>

<P><STRONG><a name="[198]"></a>_ll_ushift_r</STRONG> (Thumb, 0 bytes, Stack size 0 bytes, llushr.o(.text), UNUSED)

<P><STRONG><a name="[46]"></a>__aeabi_lasr</STRONG> (Thumb, 36 bytes, Stack size 0 bytes, llsshr.o(.text))
<BR><BR>[Called By]<UL><LI><a href="#[44]">&gt;&gt;</a>&nbsp;&nbsp;&nbsp;__aeabi_dadd
</UL>

<P><STRONG><a name="[199]"></a>_ll_sshift_r</STRONG> (Thumb, 0 bytes, Stack size 0 bytes, llsshr.o(.text), UNUSED)

<P><STRONG><a name="[19a]"></a>__I$use$fp</STRONG> (Thumb, 0 bytes, Stack size 0 bytes, iusefp.o(.text), UNUSED)

<P><STRONG><a name="[40]"></a>_float_round</STRONG> (Thumb, 18 bytes, Stack size 0 bytes, fepilogue.o(.text))
<BR><BR>[Called By]<UL><LI><a href="#[52]">&gt;&gt;</a>&nbsp;&nbsp;&nbsp;__aeabi_d2f
<LI><a href="#[43]">&gt;&gt;</a>&nbsp;&nbsp;&nbsp;__aeabi_fdiv
<LI><a href="#[3e]">&gt;&gt;</a>&nbsp;&nbsp;&nbsp;__aeabi_fadd
</UL>

<P><STRONG><a name="[3f]"></a>_float_epilogue</STRONG> (Thumb, 94 bytes, Stack size 4 bytes, fepilogue.o(.text))
<BR><BR>[Stack]<UL><LI>Max Depth = 4<LI>Call Chain = _float_epilogue
</UL>
<BR>[Called By]<UL><LI><a href="#[4e]">&gt;&gt;</a>&nbsp;&nbsp;&nbsp;__aeabi_ui2f
<LI><a href="#[4d]">&gt;&gt;</a>&nbsp;&nbsp;&nbsp;__aeabi_i2f
<LI><a href="#[3e]">&gt;&gt;</a>&nbsp;&nbsp;&nbsp;__aeabi_fadd
</UL>

<P><STRONG><a name="[48]"></a>_double_round</STRONG> (Thumb, 26 bytes, Stack size 8 bytes, depilogue.o(.text))
<BR><BR>[Stack]<UL><LI>Max Depth = 8<LI>Call Chain = _double_round
</UL>
<BR>[Called By]<UL><LI><a href="#[4c]">&gt;&gt;</a>&nbsp;&nbsp;&nbsp;__aeabi_ddiv
<LI><a href="#[44]">&gt;&gt;</a>&nbsp;&nbsp;&nbsp;__aeabi_dadd
<LI><a href="#[47]">&gt;&gt;</a>&nbsp;&nbsp;&nbsp;_double_epilogue
</UL>

<P><STRONG><a name="[47]"></a>_double_epilogue</STRONG> (Thumb, 168 bytes, Stack size 48 bytes, depilogue.o(.text))
<BR><BR>[Stack]<UL><LI>Max Depth = 56<LI>Call Chain = _double_epilogue &rArr; _double_round
</UL>
<BR>[Calls]<UL><LI><a href="#[51]">&gt;&gt;</a>&nbsp;&nbsp;&nbsp;__aeabi_llsr
<LI><a href="#[45]">&gt;&gt;</a>&nbsp;&nbsp;&nbsp;__aeabi_llsl
<LI><a href="#[48]">&gt;&gt;</a>&nbsp;&nbsp;&nbsp;_double_round
</UL>
<BR>[Called By]<UL><LI><a href="#[4f]">&gt;&gt;</a>&nbsp;&nbsp;&nbsp;__aeabi_ui2d
<LI><a href="#[4b]">&gt;&gt;</a>&nbsp;&nbsp;&nbsp;__aeabi_dmul
<LI><a href="#[44]">&gt;&gt;</a>&nbsp;&nbsp;&nbsp;__aeabi_dadd
</UL>

<P><STRONG><a name="[54]"></a>__aeabi_d2ulz</STRONG> (Thumb, 48 bytes, Stack size 0 bytes, dfixul.o(.text), UNUSED)
<BR><BR>[Calls]<UL><LI><a href="#[51]">&gt;&gt;</a>&nbsp;&nbsp;&nbsp;__aeabi_llsr
<LI><a href="#[45]">&gt;&gt;</a>&nbsp;&nbsp;&nbsp;__aeabi_llsl
</UL>
<BR>[Called By]<UL><LI><a href="#[11b]">&gt;&gt;</a>&nbsp;&nbsp;&nbsp;_fp_digits
</UL>

<P><STRONG><a name="[11c]"></a>__aeabi_cdrcmple</STRONG> (Thumb, 38 bytes, Stack size 0 bytes, cdrcmple.o(.text), UNUSED)
<BR><BR>[Called By]<UL><LI><a href="#[11b]">&gt;&gt;</a>&nbsp;&nbsp;&nbsp;_fp_digits
</UL>

<P><STRONG><a name="[3a]"></a>__scatterload</STRONG> (Thumb, 28 bytes, Stack size 0 bytes, init.o(.text))
<BR><BR>[Calls]<UL><LI><a href="#[55]">&gt;&gt;</a>&nbsp;&nbsp;&nbsp;__main_after_scatterload
</UL>
<BR>[Called By]<UL><LI><a href="#[39]">&gt;&gt;</a>&nbsp;&nbsp;&nbsp;_main_scatterload
</UL>

<P><STRONG><a name="[19b]"></a>__scatterload_rt2</STRONG> (Thumb, 0 bytes, Stack size 0 bytes, init.o(.text), UNUSED)

<P><STRONG><a name="[19c]"></a>__decompress</STRONG> (Thumb, 0 bytes, Stack size unknown bytes, __dczerorl2.o(.text), UNUSED)

<P><STRONG><a name="[19d]"></a>__decompress1</STRONG> (Thumb, 92 bytes, Stack size unknown bytes, __dczerorl2.o(.text), UNUSED)

<P><STRONG><a name="[7f]"></a>ADC_Cmd</STRONG> (Thumb, 20 bytes, Stack size 0 bytes, stm32f10x_adc.o(i.ADC_Cmd))
<BR><BR>[Called By]<UL><LI><a href="#[7c]">&gt;&gt;</a>&nbsp;&nbsp;&nbsp;BSP_ScanAdcChannel
</UL>

<P><STRONG><a name="[85]"></a>ADC_DMACmd</STRONG> (Thumb, 20 bytes, Stack size 0 bytes, stm32f10x_adc.o(i.ADC_DMACmd))
<BR><BR>[Called By]<UL><LI><a href="#[7c]">&gt;&gt;</a>&nbsp;&nbsp;&nbsp;BSP_ScanAdcChannel
</UL>

<P><STRONG><a name="[89]"></a>ADC_GetCalibrationStatus</STRONG> (Thumb, 14 bytes, Stack size 0 bytes, stm32f10x_adc.o(i.ADC_GetCalibrationStatus))
<BR><BR>[Called By]<UL><LI><a href="#[7c]">&gt;&gt;</a>&nbsp;&nbsp;&nbsp;BSP_ScanAdcChannel
</UL>

<P><STRONG><a name="[87]"></a>ADC_GetResetCalibrationStatus</STRONG> (Thumb, 14 bytes, Stack size 0 bytes, stm32f10x_adc.o(i.ADC_GetResetCalibrationStatus))
<BR><BR>[Called By]<UL><LI><a href="#[7c]">&gt;&gt;</a>&nbsp;&nbsp;&nbsp;BSP_ScanAdcChannel
</UL>

<P><STRONG><a name="[83]"></a>ADC_Init</STRONG> (Thumb, 62 bytes, Stack size 12 bytes, stm32f10x_adc.o(i.ADC_Init))
<BR><BR>[Stack]<UL><LI>Max Depth = 12<LI>Call Chain = ADC_Init
</UL>
<BR>[Called By]<UL><LI><a href="#[7c]">&gt;&gt;</a>&nbsp;&nbsp;&nbsp;BSP_ScanAdcChannel
</UL>

<P><STRONG><a name="[84]"></a>ADC_RegularChannelConfig</STRONG> (Thumb, 116 bytes, Stack size 16 bytes, stm32f10x_adc.o(i.ADC_RegularChannelConfig))
<BR><BR>[Stack]<UL><LI>Max Depth = 16<LI>Call Chain = ADC_RegularChannelConfig
</UL>
<BR>[Called By]<UL><LI><a href="#[7c]">&gt;&gt;</a>&nbsp;&nbsp;&nbsp;BSP_ScanAdcChannel
</UL>

<P><STRONG><a name="[86]"></a>ADC_ResetCalibration</STRONG> (Thumb, 10 bytes, Stack size 0 bytes, stm32f10x_adc.o(i.ADC_ResetCalibration))
<BR><BR>[Called By]<UL><LI><a href="#[7c]">&gt;&gt;</a>&nbsp;&nbsp;&nbsp;BSP_ScanAdcChannel
</UL>

<P><STRONG><a name="[8a]"></a>ADC_SoftwareStartConvCmd</STRONG> (Thumb, 20 bytes, Stack size 0 bytes, stm32f10x_adc.o(i.ADC_SoftwareStartConvCmd))
<BR><BR>[Called By]<UL><LI><a href="#[7c]">&gt;&gt;</a>&nbsp;&nbsp;&nbsp;BSP_ScanAdcChannel
</UL>

<P><STRONG><a name="[88]"></a>ADC_StartCalibration</STRONG> (Thumb, 10 bytes, Stack size 0 bytes, stm32f10x_adc.o(i.ADC_StartCalibration))
<BR><BR>[Called By]<UL><LI><a href="#[7c]">&gt;&gt;</a>&nbsp;&nbsp;&nbsp;BSP_ScanAdcChannel
</UL>

<P><STRONG><a name="[56]"></a>AccOff_Deal</STRONG> (Thumb, 102 bytes, Stack size 24 bytes, obdii.o(i.AccOff_Deal))
<BR><BR>[Stack]<UL><LI>Max Depth = 352<LI>Call Chain = AccOff_Deal &rArr; Trip_end_up &rArr; MyPrintf &rArr; Uart_send
</UL>
<BR>[Calls]<UL><LI><a href="#[58]">&gt;&gt;</a>&nbsp;&nbsp;&nbsp;MyPrintf
<LI><a href="#[43]">&gt;&gt;</a>&nbsp;&nbsp;&nbsp;__aeabi_fdiv
<LI><a href="#[3e]">&gt;&gt;</a>&nbsp;&nbsp;&nbsp;__aeabi_fadd
<LI><a href="#[57]">&gt;&gt;</a>&nbsp;&nbsp;&nbsp;Trip_end_up
</UL>
<BR>[Called By]<UL><LI><a href="#[59]">&gt;&gt;</a>&nbsp;&nbsp;&nbsp;App_Accstate
<LI><a href="#[e7]">&gt;&gt;</a>&nbsp;&nbsp;&nbsp;LinkBreakCheck
</UL>

<P><STRONG><a name="[59]"></a>App_Accstate</STRONG> (Thumb, 170 bytes, Stack size 24 bytes, obdii.o(i.App_Accstate))
<BR><BR>[Stack]<UL><LI>Max Depth = 376<LI>Call Chain = App_Accstate &rArr; AccOff_Deal &rArr; Trip_end_up &rArr; MyPrintf &rArr; Uart_send
</UL>
<BR>[Calls]<UL><LI><a href="#[5e]">&gt;&gt;</a>&nbsp;&nbsp;&nbsp;Trace
<LI><a href="#[5b]">&gt;&gt;</a>&nbsp;&nbsp;&nbsp;GetSysTick
<LI><a href="#[5c]">&gt;&gt;</a>&nbsp;&nbsp;&nbsp;CalcTimeClear
<LI><a href="#[56]">&gt;&gt;</a>&nbsp;&nbsp;&nbsp;AccOff_Deal
<LI><a href="#[5d]">&gt;&gt;</a>&nbsp;&nbsp;&nbsp;__aeabi_cfcmpeq
<LI><a href="#[5a]">&gt;&gt;</a>&nbsp;&nbsp;&nbsp;Trip_Start_initial
<LI><a href="#[5f]">&gt;&gt;</a>&nbsp;&nbsp;&nbsp;Oil_Calc
</UL>
<BR>[Called By]<UL><LI><a href="#[f3]">&gt;&gt;</a>&nbsp;&nbsp;&nbsp;Obd_task
</UL>

<P><STRONG><a name="[60]"></a>App_ClearDtc</STRONG> (Thumb, 52 bytes, Stack size 16 bytes, obdii.o(i.App_ClearDtc))
<BR><BR>[Stack]<UL><LI>Max Depth = 496<LI>Call Chain = App_ClearDtc &rArr; App_CmdClearDtc &rArr; BspObdiiRead &rArr; BspObdii_VpwRead &rArr; Vpw_Rec_Deal &rArr; PwmDataIn &rArr; SendPwmFrame &rArr; CheckSysTick &rArr; MyPrintf &rArr; Uart_send
</UL>
<BR>[Calls]<UL><LI><a href="#[5b]">&gt;&gt;</a>&nbsp;&nbsp;&nbsp;GetSysTick
<LI><a href="#[61]">&gt;&gt;</a>&nbsp;&nbsp;&nbsp;CheckSysTick
<LI><a href="#[62]">&gt;&gt;</a>&nbsp;&nbsp;&nbsp;App_CmdClearDtc
</UL>
<BR>[Called By]<UL><LI><a href="#[f3]">&gt;&gt;</a>&nbsp;&nbsp;&nbsp;Obd_task
</UL>

<P><STRONG><a name="[62]"></a>App_CmdClearDtc</STRONG> (Thumb, 96 bytes, Stack size 16 bytes, obdii.o(i.App_CmdClearDtc))
<BR><BR>[Stack]<UL><LI>Max Depth = 480<LI>Call Chain = App_CmdClearDtc &rArr; BspObdiiRead &rArr; BspObdii_VpwRead &rArr; Vpw_Rec_Deal &rArr; PwmDataIn &rArr; SendPwmFrame &rArr; CheckSysTick &rArr; MyPrintf &rArr; Uart_send
</UL>
<BR>[Calls]<UL><LI><a href="#[3b]">&gt;&gt;</a>&nbsp;&nbsp;&nbsp;__aeabi_memclr
<LI><a href="#[63]">&gt;&gt;</a>&nbsp;&nbsp;&nbsp;BspObdiiRead
</UL>
<BR>[Called By]<UL><LI><a href="#[60]">&gt;&gt;</a>&nbsp;&nbsp;&nbsp;App_ClearDtc
</UL>

<P><STRONG><a name="[64]"></a>App_CmdDtc</STRONG> (Thumb, 416 bytes, Stack size 24 bytes, obdii.o(i.App_CmdDtc))
<BR><BR>[Stack]<UL><LI>Max Depth = 488<LI>Call Chain = App_CmdDtc &rArr; BspObdiiRead &rArr; BspObdii_VpwRead &rArr; Vpw_Rec_Deal &rArr; PwmDataIn &rArr; SendPwmFrame &rArr; CheckSysTick &rArr; MyPrintf &rArr; Uart_send
</UL>
<BR>[Calls]<UL><LI><a href="#[3b]">&gt;&gt;</a>&nbsp;&nbsp;&nbsp;__aeabi_memclr
<LI><a href="#[63]">&gt;&gt;</a>&nbsp;&nbsp;&nbsp;BspObdiiRead
<LI><a href="#[65]">&gt;&gt;</a>&nbsp;&nbsp;&nbsp;indtcbuf
</UL>
<BR>[Called By]<UL><LI><a href="#[67]">&gt;&gt;</a>&nbsp;&nbsp;&nbsp;App_ReadDtc
</UL>

<P><STRONG><a name="[66]"></a>App_ExeCmd</STRONG> (Thumb, 144 bytes, Stack size 24 bytes, obdii.o(i.App_ExeCmd))
<BR><BR>[Stack]<UL><LI>Max Depth = 488<LI>Call Chain = App_ExeCmd &rArr; BspObdiiRead &rArr; BspObdii_VpwRead &rArr; Vpw_Rec_Deal &rArr; PwmDataIn &rArr; SendPwmFrame &rArr; CheckSysTick &rArr; MyPrintf &rArr; Uart_send
</UL>
<BR>[Calls]<UL><LI><a href="#[3b]">&gt;&gt;</a>&nbsp;&nbsp;&nbsp;__aeabi_memclr
<LI><a href="#[63]">&gt;&gt;</a>&nbsp;&nbsp;&nbsp;BspObdiiRead
</UL>
<BR>[Called By]<UL><LI><a href="#[69]">&gt;&gt;</a>&nbsp;&nbsp;&nbsp;App_ReadVIN
<LI><a href="#[68]">&gt;&gt;</a>&nbsp;&nbsp;&nbsp;Ecu_MilState
</UL>

<P><STRONG><a name="[67]"></a>App_ReadDtc</STRONG> (Thumb, 120 bytes, Stack size 16 bytes, obdii.o(i.App_ReadDtc))
<BR><BR>[Stack]<UL><LI>Max Depth = 528<LI>Call Chain = App_ReadDtc &rArr; Ecu_MilState &rArr; App_ExeCmd &rArr; BspObdiiRead &rArr; BspObdii_VpwRead &rArr; Vpw_Rec_Deal &rArr; PwmDataIn &rArr; SendPwmFrame &rArr; CheckSysTick &rArr; MyPrintf &rArr; Uart_send
</UL>
<BR>[Calls]<UL><LI><a href="#[5b]">&gt;&gt;</a>&nbsp;&nbsp;&nbsp;GetSysTick
<LI><a href="#[61]">&gt;&gt;</a>&nbsp;&nbsp;&nbsp;CheckSysTick
<LI><a href="#[64]">&gt;&gt;</a>&nbsp;&nbsp;&nbsp;App_CmdDtc
<LI><a href="#[68]">&gt;&gt;</a>&nbsp;&nbsp;&nbsp;Ecu_MilState
</UL>
<BR>[Called By]<UL><LI><a href="#[f3]">&gt;&gt;</a>&nbsp;&nbsp;&nbsp;Obd_task
</UL>

<P><STRONG><a name="[69]"></a>App_ReadVIN</STRONG> (Thumb, 288 bytes, Stack size 24 bytes, obdii.o(i.App_ReadVIN))
<BR><BR>[Stack]<UL><LI>Max Depth = 512<LI>Call Chain = App_ReadVIN &rArr; App_ExeCmd &rArr; BspObdiiRead &rArr; BspObdii_VpwRead &rArr; Vpw_Rec_Deal &rArr; PwmDataIn &rArr; SendPwmFrame &rArr; CheckSysTick &rArr; MyPrintf &rArr; Uart_send
</UL>
<BR>[Calls]<UL><LI><a href="#[5e]">&gt;&gt;</a>&nbsp;&nbsp;&nbsp;Trace
<LI><a href="#[6b]">&gt;&gt;</a>&nbsp;&nbsp;&nbsp;Uart_send
<LI><a href="#[66]">&gt;&gt;</a>&nbsp;&nbsp;&nbsp;App_ExeCmd
<LI><a href="#[3b]">&gt;&gt;</a>&nbsp;&nbsp;&nbsp;__aeabi_memclr
<LI><a href="#[6a]">&gt;&gt;</a>&nbsp;&nbsp;&nbsp;__aeabi_memcpy
</UL>
<BR>[Called By]<UL><LI><a href="#[f3]">&gt;&gt;</a>&nbsp;&nbsp;&nbsp;Obd_task
</UL>

<P><STRONG><a name="[6c]"></a>App_Task</STRONG> (Thumb, 78 bytes, Stack size 16 bytes, protocol.o(i.App_Task))
<BR><BR>[Stack]<UL><LI>Max Depth = 360<LI>Call Chain = App_Task &rArr; ObdSendDataDeal &rArr; CheckSysTick &rArr; MyPrintf &rArr; Uart_send
</UL>
<BR>[Calls]<UL><LI><a href="#[5b]">&gt;&gt;</a>&nbsp;&nbsp;&nbsp;GetSysTick
<LI><a href="#[61]">&gt;&gt;</a>&nbsp;&nbsp;&nbsp;CheckSysTick
<LI><a href="#[6d]">&gt;&gt;</a>&nbsp;&nbsp;&nbsp;Pro_Pack_Obd
<LI><a href="#[6e]">&gt;&gt;</a>&nbsp;&nbsp;&nbsp;ObdSendDataDeal
</UL>
<BR>[Called By]<UL><LI><a href="#[35]">&gt;&gt;</a>&nbsp;&nbsp;&nbsp;main
</UL>

<P><STRONG><a name="[6f]"></a>App_VssDeal</STRONG> (Thumb, 134 bytes, Stack size 24 bytes, obdii.o(i.App_VssDeal))
<BR><BR>[Stack]<UL><LI>Max Depth = 152<LI>Call Chain = App_VssDeal &rArr; trip_speed_check &rArr; __aeabi_dmul &rArr; _double_epilogue &rArr; _double_round
</UL>
<BR>[Calls]<UL><LI><a href="#[4e]">&gt;&gt;</a>&nbsp;&nbsp;&nbsp;__aeabi_ui2f
<LI><a href="#[5b]">&gt;&gt;</a>&nbsp;&nbsp;&nbsp;GetSysTick
<LI><a href="#[43]">&gt;&gt;</a>&nbsp;&nbsp;&nbsp;__aeabi_fdiv
<LI><a href="#[71]">&gt;&gt;</a>&nbsp;&nbsp;&nbsp;__aeabi_f2uiz
<LI><a href="#[3e]">&gt;&gt;</a>&nbsp;&nbsp;&nbsp;__aeabi_fadd
<LI><a href="#[70]">&gt;&gt;</a>&nbsp;&nbsp;&nbsp;trip_speed_check
</UL>
<BR>[Called By]<UL><LI><a href="#[f3]">&gt;&gt;</a>&nbsp;&nbsp;&nbsp;Obd_task
</UL>

<P><STRONG><a name="[72]"></a>BSP_GpioConfig</STRONG> (Thumb, 370 bytes, Stack size 32 bytes, bsp.o(i.BSP_GpioConfig))
<BR><BR>[Stack]<UL><LI>Max Depth = 56<LI>Call Chain = BSP_GpioConfig &rArr; GPIO_Init
</UL>
<BR>[Calls]<UL><LI><a href="#[75]">&gt;&gt;</a>&nbsp;&nbsp;&nbsp;GPIO_SetBits
<LI><a href="#[76]">&gt;&gt;</a>&nbsp;&nbsp;&nbsp;GPIO_ResetBits
<LI><a href="#[73]">&gt;&gt;</a>&nbsp;&nbsp;&nbsp;GPIO_PinRemapConfig
<LI><a href="#[74]">&gt;&gt;</a>&nbsp;&nbsp;&nbsp;GPIO_Init
</UL>
<BR>[Called By]<UL><LI><a href="#[8b]">&gt;&gt;</a>&nbsp;&nbsp;&nbsp;BSP_SysInit
</UL>

<P><STRONG><a name="[77]"></a>BSP_InterruptConfig</STRONG> (Thumb, 88 bytes, Stack size 16 bytes, bsp.o(i.BSP_InterruptConfig))
<BR><BR>[Stack]<UL><LI>Max Depth = 36<LI>Call Chain = BSP_InterruptConfig &rArr; NVIC_Init
</UL>
<BR>[Calls]<UL><LI><a href="#[78]">&gt;&gt;</a>&nbsp;&nbsp;&nbsp;NVIC_PriorityGroupConfig
<LI><a href="#[79]">&gt;&gt;</a>&nbsp;&nbsp;&nbsp;NVIC_Init
</UL>
<BR>[Called By]<UL><LI><a href="#[8b]">&gt;&gt;</a>&nbsp;&nbsp;&nbsp;BSP_SysInit
</UL>

<P><STRONG><a name="[fb]"></a>BSP_PowerAdcValue</STRONG> (Thumb, 6 bytes, Stack size 0 bytes, bsp.o(i.BSP_PowerAdcValue))
<BR><BR>[Called By]<UL><LI><a href="#[fa]">&gt;&gt;</a>&nbsp;&nbsp;&nbsp;PowerCheck
</UL>

<P><STRONG><a name="[7a]"></a>BSP_RESET_DOG</STRONG> (Thumb, 4 bytes, Stack size 0 bytes, bsp.o(i.BSP_RESET_DOG))
<BR><BR>[Calls]<UL><LI><a href="#[7b]">&gt;&gt;</a>&nbsp;&nbsp;&nbsp;IWDG_ReloadCounter
</UL>
<BR>[Called By]<UL><LI><a href="#[35]">&gt;&gt;</a>&nbsp;&nbsp;&nbsp;main
<LI><a href="#[b9]">&gt;&gt;</a>&nbsp;&nbsp;&nbsp;TimeDly
<LI><a href="#[eb]">&gt;&gt;</a>&nbsp;&nbsp;&nbsp;TraceHexStr
<LI><a href="#[ac]">&gt;&gt;</a>&nbsp;&nbsp;&nbsp;SendVpwFrame
<LI><a href="#[aa]">&gt;&gt;</a>&nbsp;&nbsp;&nbsp;SendPwmFrame
<LI><a href="#[e1]">&gt;&gt;</a>&nbsp;&nbsp;&nbsp;Send5Bps
<LI><a href="#[c3]">&gt;&gt;</a>&nbsp;&nbsp;&nbsp;DetectRate
<LI><a href="#[df]">&gt;&gt;</a>&nbsp;&nbsp;&nbsp;Iso9141_EntryLink
</UL>

<P><STRONG><a name="[7c]"></a>BSP_ScanAdcChannel</STRONG> (Thumb, 204 bytes, Stack size 88 bytes, bsp.o(i.BSP_ScanAdcChannel))
<BR><BR>[Stack]<UL><LI>Max Depth = 104<LI>Call Chain = BSP_ScanAdcChannel &rArr; DMA_Init
</UL>
<BR>[Calls]<UL><LI><a href="#[7e]">&gt;&gt;</a>&nbsp;&nbsp;&nbsp;RCC_APB2PeriphClockCmd
<LI><a href="#[7d]">&gt;&gt;</a>&nbsp;&nbsp;&nbsp;RCC_AHBPeriphClockCmd
<LI><a href="#[82]">&gt;&gt;</a>&nbsp;&nbsp;&nbsp;DMA_Init
<LI><a href="#[81]">&gt;&gt;</a>&nbsp;&nbsp;&nbsp;DMA_DeInit
<LI><a href="#[80]">&gt;&gt;</a>&nbsp;&nbsp;&nbsp;DMA_Cmd
<LI><a href="#[88]">&gt;&gt;</a>&nbsp;&nbsp;&nbsp;ADC_StartCalibration
<LI><a href="#[8a]">&gt;&gt;</a>&nbsp;&nbsp;&nbsp;ADC_SoftwareStartConvCmd
<LI><a href="#[86]">&gt;&gt;</a>&nbsp;&nbsp;&nbsp;ADC_ResetCalibration
<LI><a href="#[84]">&gt;&gt;</a>&nbsp;&nbsp;&nbsp;ADC_RegularChannelConfig
<LI><a href="#[83]">&gt;&gt;</a>&nbsp;&nbsp;&nbsp;ADC_Init
<LI><a href="#[87]">&gt;&gt;</a>&nbsp;&nbsp;&nbsp;ADC_GetResetCalibrationStatus
<LI><a href="#[89]">&gt;&gt;</a>&nbsp;&nbsp;&nbsp;ADC_GetCalibrationStatus
<LI><a href="#[85]">&gt;&gt;</a>&nbsp;&nbsp;&nbsp;ADC_DMACmd
<LI><a href="#[7f]">&gt;&gt;</a>&nbsp;&nbsp;&nbsp;ADC_Cmd
</UL>
<BR>[Called By]<UL><LI><a href="#[8b]">&gt;&gt;</a>&nbsp;&nbsp;&nbsp;BSP_SysInit
</UL>

<P><STRONG><a name="[8b]"></a>BSP_SysInit</STRONG> (Thumb, 80 bytes, Stack size 8 bytes, bsp.o(i.BSP_SysInit))
<BR><BR>[Stack]<UL><LI>Max Depth = 112<LI>Call Chain = BSP_SysInit &rArr; BSP_ScanAdcChannel &rArr; DMA_Init
</UL>
<BR>[Calls]<UL><LI><a href="#[7e]">&gt;&gt;</a>&nbsp;&nbsp;&nbsp;RCC_APB2PeriphClockCmd
<LI><a href="#[8d]">&gt;&gt;</a>&nbsp;&nbsp;&nbsp;RCC_APB1PeriphClockCmd
<LI><a href="#[7d]">&gt;&gt;</a>&nbsp;&nbsp;&nbsp;RCC_AHBPeriphClockCmd
<LI><a href="#[8c]">&gt;&gt;</a>&nbsp;&nbsp;&nbsp;RCC_ADCCLKConfig
<LI><a href="#[90]">&gt;&gt;</a>&nbsp;&nbsp;&nbsp;BSP_WDG_Init
<LI><a href="#[8e]">&gt;&gt;</a>&nbsp;&nbsp;&nbsp;BSP_UartInit
<LI><a href="#[8f]">&gt;&gt;</a>&nbsp;&nbsp;&nbsp;BSP_SysTick_Config
<LI><a href="#[7c]">&gt;&gt;</a>&nbsp;&nbsp;&nbsp;BSP_ScanAdcChannel
<LI><a href="#[77]">&gt;&gt;</a>&nbsp;&nbsp;&nbsp;BSP_InterruptConfig
<LI><a href="#[72]">&gt;&gt;</a>&nbsp;&nbsp;&nbsp;BSP_GpioConfig
</UL>
<BR>[Called By]<UL><LI><a href="#[35]">&gt;&gt;</a>&nbsp;&nbsp;&nbsp;main
</UL>

<P><STRONG><a name="[92]"></a>BSP_SysReset</STRONG> (Thumb, 22 bytes, Stack size 0 bytes, bsp.o(i.BSP_SysReset))
<BR><BR>[Called By]<UL><LI><a href="#[91]">&gt;&gt;</a>&nbsp;&nbsp;&nbsp;BSP_SysTick
</UL>

<P><STRONG><a name="[91]"></a>BSP_SysTick</STRONG> (Thumb, 48 bytes, Stack size 0 bytes, bsp.o(i.BSP_SysTick))
<BR><BR>[Stack]<UL><LI>Max Depth = 32<LI>Call Chain = BSP_SysTick &rArr; Trace &rArr; Uart_send
</UL>
<BR>[Calls]<UL><LI><a href="#[5e]">&gt;&gt;</a>&nbsp;&nbsp;&nbsp;Trace
<LI><a href="#[92]">&gt;&gt;</a>&nbsp;&nbsp;&nbsp;BSP_SysReset
<LI><a href="#[6b]">&gt;&gt;</a>&nbsp;&nbsp;&nbsp;Uart_send
</UL>
<BR>[Called By]<UL><LI><a href="#[9]">&gt;&gt;</a>&nbsp;&nbsp;&nbsp;SysTick_Handler
</UL>

<P><STRONG><a name="[8f]"></a>BSP_SysTick_Config</STRONG> (Thumb, 58 bytes, Stack size 8 bytes, bsp.o(i.BSP_SysTick_Config))
<BR><BR>[Stack]<UL><LI>Max Depth = 8<LI>Call Chain = BSP_SysTick_Config
</UL>
<BR>[Calls]<UL><LI><a href="#[93]">&gt;&gt;</a>&nbsp;&nbsp;&nbsp;SysTick_CLKSourceConfig
</UL>
<BR>[Called By]<UL><LI><a href="#[8b]">&gt;&gt;</a>&nbsp;&nbsp;&nbsp;BSP_SysInit
</UL>

<P><STRONG><a name="[8e]"></a>BSP_UartInit</STRONG> (Thumb, 222 bytes, Stack size 40 bytes, bsp.o(i.BSP_UartInit))
<BR><BR>[Stack]<UL><LI>Max Depth = 80<LI>Call Chain = BSP_UartInit &rArr; USART_Init &rArr; RCC_GetClocksFreq
</UL>
<BR>[Calls]<UL><LI><a href="#[74]">&gt;&gt;</a>&nbsp;&nbsp;&nbsp;GPIO_Init
<LI><a href="#[94]">&gt;&gt;</a>&nbsp;&nbsp;&nbsp;USART_Init
<LI><a href="#[95]">&gt;&gt;</a>&nbsp;&nbsp;&nbsp;USART_ITConfig
<LI><a href="#[96]">&gt;&gt;</a>&nbsp;&nbsp;&nbsp;USART_Cmd
</UL>
<BR>[Called By]<UL><LI><a href="#[8b]">&gt;&gt;</a>&nbsp;&nbsp;&nbsp;BSP_SysInit
<LI><a href="#[cc]">&gt;&gt;</a>&nbsp;&nbsp;&nbsp;Iso_Port_init
</UL>

<P><STRONG><a name="[90]"></a>BSP_WDG_Init</STRONG> (Thumb, 36 bytes, Stack size 8 bytes, bsp.o(i.BSP_WDG_Init))
<BR><BR>[Stack]<UL><LI>Max Depth = 8<LI>Call Chain = BSP_WDG_Init
</UL>
<BR>[Calls]<UL><LI><a href="#[97]">&gt;&gt;</a>&nbsp;&nbsp;&nbsp;IWDG_WriteAccessCmd
<LI><a href="#[99]">&gt;&gt;</a>&nbsp;&nbsp;&nbsp;IWDG_SetReload
<LI><a href="#[98]">&gt;&gt;</a>&nbsp;&nbsp;&nbsp;IWDG_SetPrescaler
<LI><a href="#[7b]">&gt;&gt;</a>&nbsp;&nbsp;&nbsp;IWDG_ReloadCounter
<LI><a href="#[9a]">&gt;&gt;</a>&nbsp;&nbsp;&nbsp;IWDG_Enable
</UL>
<BR>[Called By]<UL><LI><a href="#[8b]">&gt;&gt;</a>&nbsp;&nbsp;&nbsp;BSP_SysInit
</UL>

<P><STRONG><a name="[63]"></a>BspObdiiRead</STRONG> (Thumb, 88 bytes, Stack size 8 bytes, bspobdii.o(i.BspObdiiRead))
<BR><BR>[Stack]<UL><LI>Max Depth = 464<LI>Call Chain = BspObdiiRead &rArr; BspObdii_VpwRead &rArr; Vpw_Rec_Deal &rArr; PwmDataIn &rArr; SendPwmFrame &rArr; CheckSysTick &rArr; MyPrintf &rArr; Uart_send
</UL>
<BR>[Calls]<UL><LI><a href="#[9c]">&gt;&gt;</a>&nbsp;&nbsp;&nbsp;BspObdii_VpwRead
<LI><a href="#[9b]">&gt;&gt;</a>&nbsp;&nbsp;&nbsp;BspObdii_PwmRead
<LI><a href="#[9e]">&gt;&gt;</a>&nbsp;&nbsp;&nbsp;BspObdii_Kwp2000Read
<LI><a href="#[9d]">&gt;&gt;</a>&nbsp;&nbsp;&nbsp;BspObdii_Iso9141Read
<LI><a href="#[9f]">&gt;&gt;</a>&nbsp;&nbsp;&nbsp;BspObdii_CanStdRead
<LI><a href="#[a0]">&gt;&gt;</a>&nbsp;&nbsp;&nbsp;BspObdii_CanExtRead
</UL>
<BR>[Called By]<UL><LI><a href="#[66]">&gt;&gt;</a>&nbsp;&nbsp;&nbsp;App_ExeCmd
<LI><a href="#[64]">&gt;&gt;</a>&nbsp;&nbsp;&nbsp;App_CmdDtc
<LI><a href="#[62]">&gt;&gt;</a>&nbsp;&nbsp;&nbsp;App_CmdClearDtc
<LI><a href="#[ef]">&gt;&gt;</a>&nbsp;&nbsp;&nbsp;Obd_ReadPid_Val
<LI><a href="#[f0]">&gt;&gt;</a>&nbsp;&nbsp;&nbsp;Obd_ReadPidSup
</UL>

<P><STRONG><a name="[a0]"></a>BspObdii_CanExtRead</STRONG> (Thumb, 440 bytes, Stack size 112 bytes, bspobdii.o(i.BspObdii_CanExtRead))
<BR><BR>[Stack]<UL><LI>Max Depth = 432<LI>Call Chain = BspObdii_CanExtRead &rArr; CheckSysTick &rArr; MyPrintf &rArr; Uart_send
</UL>
<BR>[Calls]<UL><LI><a href="#[5b]">&gt;&gt;</a>&nbsp;&nbsp;&nbsp;GetSysTick
<LI><a href="#[61]">&gt;&gt;</a>&nbsp;&nbsp;&nbsp;CheckSysTick
<LI><a href="#[6a]">&gt;&gt;</a>&nbsp;&nbsp;&nbsp;__aeabi_memcpy
<LI><a href="#[a3]">&gt;&gt;</a>&nbsp;&nbsp;&nbsp;Driver_CAN_Send
<LI><a href="#[a4]">&gt;&gt;</a>&nbsp;&nbsp;&nbsp;Driver_CAN_Receive
<LI><a href="#[a2]">&gt;&gt;</a>&nbsp;&nbsp;&nbsp;Driver_CAN_ClearTxBuffer
<LI><a href="#[a1]">&gt;&gt;</a>&nbsp;&nbsp;&nbsp;Driver_CAN_ClearRxBuffer
</UL>
<BR>[Called By]<UL><LI><a href="#[63]">&gt;&gt;</a>&nbsp;&nbsp;&nbsp;BspObdiiRead
</UL>

<P><STRONG><a name="[9f]"></a>BspObdii_CanStdRead</STRONG> (Thumb, 424 bytes, Stack size 104 bytes, bspobdii.o(i.BspObdii_CanStdRead))
<BR><BR>[Stack]<UL><LI>Max Depth = 424<LI>Call Chain = BspObdii_CanStdRead &rArr; CheckSysTick &rArr; MyPrintf &rArr; Uart_send
</UL>
<BR>[Calls]<UL><LI><a href="#[5b]">&gt;&gt;</a>&nbsp;&nbsp;&nbsp;GetSysTick
<LI><a href="#[61]">&gt;&gt;</a>&nbsp;&nbsp;&nbsp;CheckSysTick
<LI><a href="#[6a]">&gt;&gt;</a>&nbsp;&nbsp;&nbsp;__aeabi_memcpy
<LI><a href="#[a3]">&gt;&gt;</a>&nbsp;&nbsp;&nbsp;Driver_CAN_Send
<LI><a href="#[a4]">&gt;&gt;</a>&nbsp;&nbsp;&nbsp;Driver_CAN_Receive
<LI><a href="#[a2]">&gt;&gt;</a>&nbsp;&nbsp;&nbsp;Driver_CAN_ClearTxBuffer
<LI><a href="#[a1]">&gt;&gt;</a>&nbsp;&nbsp;&nbsp;Driver_CAN_ClearRxBuffer
</UL>
<BR>[Called By]<UL><LI><a href="#[63]">&gt;&gt;</a>&nbsp;&nbsp;&nbsp;BspObdiiRead
</UL>

<P><STRONG><a name="[9d]"></a>BspObdii_Iso9141Read</STRONG> (Thumb, 454 bytes, Stack size 56 bytes, bspobdii.o(i.BspObdii_Iso9141Read))
<BR><BR>[Stack]<UL><LI>Max Depth = 416<LI>Call Chain = BspObdii_Iso9141Read &rArr; SendData2Usart3 &rArr; TimeDly &rArr; CheckSysTick &rArr; MyPrintf &rArr; Uart_send
</UL>
<BR>[Calls]<UL><LI><a href="#[5b]">&gt;&gt;</a>&nbsp;&nbsp;&nbsp;GetSysTick
<LI><a href="#[61]">&gt;&gt;</a>&nbsp;&nbsp;&nbsp;CheckSysTick
<LI><a href="#[6a]">&gt;&gt;</a>&nbsp;&nbsp;&nbsp;__aeabi_memcpy
<LI><a href="#[a6]">&gt;&gt;</a>&nbsp;&nbsp;&nbsp;SendData2Usart3
<LI><a href="#[a7]">&gt;&gt;</a>&nbsp;&nbsp;&nbsp;Iso_DataRec
<LI><a href="#[a5]">&gt;&gt;</a>&nbsp;&nbsp;&nbsp;IsoRecClear
</UL>
<BR>[Called By]<UL><LI><a href="#[63]">&gt;&gt;</a>&nbsp;&nbsp;&nbsp;BspObdiiRead
</UL>

<P><STRONG><a name="[9e]"></a>BspObdii_Kwp2000Read</STRONG> (Thumb, 470 bytes, Stack size 56 bytes, bspobdii.o(i.BspObdii_Kwp2000Read))
<BR><BR>[Stack]<UL><LI>Max Depth = 416<LI>Call Chain = BspObdii_Kwp2000Read &rArr; SendData2Usart3 &rArr; TimeDly &rArr; CheckSysTick &rArr; MyPrintf &rArr; Uart_send
</UL>
<BR>[Calls]<UL><LI><a href="#[5b]">&gt;&gt;</a>&nbsp;&nbsp;&nbsp;GetSysTick
<LI><a href="#[61]">&gt;&gt;</a>&nbsp;&nbsp;&nbsp;CheckSysTick
<LI><a href="#[6a]">&gt;&gt;</a>&nbsp;&nbsp;&nbsp;__aeabi_memcpy
<LI><a href="#[a6]">&gt;&gt;</a>&nbsp;&nbsp;&nbsp;SendData2Usart3
<LI><a href="#[a8]">&gt;&gt;</a>&nbsp;&nbsp;&nbsp;Kwp_DataRec
<LI><a href="#[a5]">&gt;&gt;</a>&nbsp;&nbsp;&nbsp;IsoRecClear
</UL>
<BR>[Called By]<UL><LI><a href="#[63]">&gt;&gt;</a>&nbsp;&nbsp;&nbsp;BspObdiiRead
</UL>

<P><STRONG><a name="[9b]"></a>BspObdii_PwmRead</STRONG> (Thumb, 396 bytes, Stack size 48 bytes, bspobdii.o(i.BspObdii_PwmRead))
<BR><BR>[Stack]<UL><LI>Max Depth = 456<LI>Call Chain = BspObdii_PwmRead &rArr; Pwm_Rec_Deal &rArr; PwmDataIn &rArr; SendPwmFrame &rArr; CheckSysTick &rArr; MyPrintf &rArr; Uart_send
</UL>
<BR>[Calls]<UL><LI><a href="#[5b]">&gt;&gt;</a>&nbsp;&nbsp;&nbsp;GetSysTick
<LI><a href="#[61]">&gt;&gt;</a>&nbsp;&nbsp;&nbsp;CheckSysTick
<LI><a href="#[6a]">&gt;&gt;</a>&nbsp;&nbsp;&nbsp;__aeabi_memcpy
<LI><a href="#[aa]">&gt;&gt;</a>&nbsp;&nbsp;&nbsp;SendPwmFrame
<LI><a href="#[ab]">&gt;&gt;</a>&nbsp;&nbsp;&nbsp;Pwm_Rec_Deal
<LI><a href="#[a9]">&gt;&gt;</a>&nbsp;&nbsp;&nbsp;GetPwmCrc
</UL>
<BR>[Called By]<UL><LI><a href="#[63]">&gt;&gt;</a>&nbsp;&nbsp;&nbsp;BspObdiiRead
</UL>

<P><STRONG><a name="[9c]"></a>BspObdii_VpwRead</STRONG> (Thumb, 396 bytes, Stack size 48 bytes, bspobdii.o(i.BspObdii_VpwRead))
<BR><BR>[Stack]<UL><LI>Max Depth = 456<LI>Call Chain = BspObdii_VpwRead &rArr; Vpw_Rec_Deal &rArr; PwmDataIn &rArr; SendPwmFrame &rArr; CheckSysTick &rArr; MyPrintf &rArr; Uart_send
</UL>
<BR>[Calls]<UL><LI><a href="#[5b]">&gt;&gt;</a>&nbsp;&nbsp;&nbsp;GetSysTick
<LI><a href="#[61]">&gt;&gt;</a>&nbsp;&nbsp;&nbsp;CheckSysTick
<LI><a href="#[6a]">&gt;&gt;</a>&nbsp;&nbsp;&nbsp;__aeabi_memcpy
<LI><a href="#[ad]">&gt;&gt;</a>&nbsp;&nbsp;&nbsp;Vpw_Rec_Deal
<LI><a href="#[ac]">&gt;&gt;</a>&nbsp;&nbsp;&nbsp;SendVpwFrame
<LI><a href="#[a9]">&gt;&gt;</a>&nbsp;&nbsp;&nbsp;GetPwmCrc
</UL>
<BR>[Called By]<UL><LI><a href="#[63]">&gt;&gt;</a>&nbsp;&nbsp;&nbsp;BspObdiiRead
</UL>

<P><STRONG><a name="[ae]"></a>BspObdii_initial</STRONG> (Thumb, 54 bytes, Stack size 8 bytes, bspobdii.o(i.BspObdii_initial))
<BR><BR>[Stack]<UL><LI>Max Depth = 8<LI>Call Chain = BspObdii_initial
</UL>
<BR>[Calls]<UL><LI><a href="#[3b]">&gt;&gt;</a>&nbsp;&nbsp;&nbsp;__aeabi_memclr
</UL>
<BR>[Called By]<UL><LI><a href="#[35]">&gt;&gt;</a>&nbsp;&nbsp;&nbsp;main
</UL>

<P><STRONG><a name="[4]"></a>BusFault_Handler</STRONG> (Thumb, 14 bytes, Stack size 0 bytes, stm32f10x_it.o(i.BusFault_Handler))
<BR><BR>[Stack]<UL><LI>Max Depth = 24<LI>Call Chain = BusFault_Handler &rArr; Uart_send
</UL>
<BR>[Calls]<UL><LI><a href="#[6b]">&gt;&gt;</a>&nbsp;&nbsp;&nbsp;Uart_send
<LI><a href="#[af]">&gt;&gt;</a>&nbsp;&nbsp;&nbsp;NVIC_SystemReset
</UL>
<BR>[Address Reference Count : 1]<UL><LI> startup_stm32f10x_md.o(RESET)
</UL>
<P><STRONG><a name="[b0]"></a>ByteToStr</STRONG> (Thumb, 52 bytes, Stack size 32 bytes, tools.o(i.ByteToStr))
<BR><BR>[Stack]<UL><LI>Max Depth = 32<LI>Call Chain = ByteToStr
</UL>
<BR>[Calls]<UL><LI><a href="#[b1]">&gt;&gt;</a>&nbsp;&nbsp;&nbsp;__aeabi_memcpy4
</UL>
<BR>[Called By]<UL><LI><a href="#[eb]">&gt;&gt;</a>&nbsp;&nbsp;&nbsp;TraceHexStr
</UL>

<P><STRONG><a name="[1f]"></a>CAN1_RX1_IRQHandler</STRONG> (Thumb, 54 bytes, Stack size 16 bytes, driver_can.o(i.CAN1_RX1_IRQHandler))
<BR><BR>[Stack]<UL><LI>Max Depth = 28<LI>Call Chain = CAN1_RX1_IRQHandler &rArr; CAN_ClearITPendingBit
</UL>
<BR>[Calls]<UL><LI><a href="#[b2]">&gt;&gt;</a>&nbsp;&nbsp;&nbsp;CAN_Receive
<LI><a href="#[b3]">&gt;&gt;</a>&nbsp;&nbsp;&nbsp;CAN_ClearITPendingBit
</UL>
<BR>[Address Reference Count : 1]<UL><LI> startup_stm32f10x_md.o(RESET)
</UL>
<P><STRONG><a name="[d0]"></a>CAN_CancelTransmit</STRONG> (Thumb, 36 bytes, Stack size 0 bytes, stm32f10x_can.o(i.CAN_CancelTransmit))
<BR><BR>[Called By]<UL><LI><a href="#[a2]">&gt;&gt;</a>&nbsp;&nbsp;&nbsp;Driver_CAN_ClearTxBuffer
</UL>

<P><STRONG><a name="[b3]"></a>CAN_ClearITPendingBit</STRONG> (Thumb, 116 bytes, Stack size 12 bytes, stm32f10x_can.o(i.CAN_ClearITPendingBit))
<BR><BR>[Stack]<UL><LI>Max Depth = 12<LI>Call Chain = CAN_ClearITPendingBit
</UL>
<BR>[Called By]<UL><LI><a href="#[1e]">&gt;&gt;</a>&nbsp;&nbsp;&nbsp;USB_LP_CAN1_RX0_IRQHandler
<LI><a href="#[1d]">&gt;&gt;</a>&nbsp;&nbsp;&nbsp;USB_HP_CAN1_TX_IRQHandler
<LI><a href="#[1f]">&gt;&gt;</a>&nbsp;&nbsp;&nbsp;CAN1_RX1_IRQHandler
</UL>

<P><STRONG><a name="[b4]"></a>CAN_DeInit</STRONG> (Thumb, 38 bytes, Stack size 8 bytes, stm32f10x_can.o(i.CAN_DeInit))
<BR><BR>[Stack]<UL><LI>Max Depth = 8<LI>Call Chain = CAN_DeInit
</UL>
<BR>[Calls]<UL><LI><a href="#[b5]">&gt;&gt;</a>&nbsp;&nbsp;&nbsp;RCC_APB1PeriphResetCmd
</UL>
<BR>[Called By]<UL><LI><a href="#[ba]">&gt;&gt;</a>&nbsp;&nbsp;&nbsp;Driver_CAN_Init
</UL>

<P><STRONG><a name="[b6]"></a>CAN_FIFORelease</STRONG> (Thumb, 22 bytes, Stack size 0 bytes, stm32f10x_can.o(i.CAN_FIFORelease))
<BR><BR>[Called By]<UL><LI><a href="#[b2]">&gt;&gt;</a>&nbsp;&nbsp;&nbsp;CAN_Receive
<LI><a href="#[a1]">&gt;&gt;</a>&nbsp;&nbsp;&nbsp;Driver_CAN_ClearRxBuffer
</UL>

<P><STRONG><a name="[ce]"></a>CAN_FilterInit</STRONG> (Thumb, 210 bytes, Stack size 12 bytes, stm32f10x_can.o(i.CAN_FilterInit))
<BR><BR>[Stack]<UL><LI>Max Depth = 12<LI>Call Chain = CAN_FilterInit
</UL>
<BR>[Called By]<UL><LI><a href="#[bc]">&gt;&gt;</a>&nbsp;&nbsp;&nbsp;Driver_CAN_SetFilterRule
<LI><a href="#[d1]">&gt;&gt;</a>&nbsp;&nbsp;&nbsp;Driver_CAN_FilterIdListClear
<LI><a href="#[cf]">&gt;&gt;</a>&nbsp;&nbsp;&nbsp;Driver_CAN_AddIdList32
<LI><a href="#[cd]">&gt;&gt;</a>&nbsp;&nbsp;&nbsp;Driver_CAN_AddIdList16
</UL>

<P><STRONG><a name="[d4]"></a>CAN_ITConfig</STRONG> (Thumb, 16 bytes, Stack size 0 bytes, stm32f10x_can.o(i.CAN_ITConfig))
<BR><BR>[Called By]<UL><LI><a href="#[ba]">&gt;&gt;</a>&nbsp;&nbsp;&nbsp;Driver_CAN_Init
<LI><a href="#[1d]">&gt;&gt;</a>&nbsp;&nbsp;&nbsp;USB_HP_CAN1_TX_IRQHandler
<LI><a href="#[b8]">&gt;&gt;</a>&nbsp;&nbsp;&nbsp;Driver_CAN_Uninit
<LI><a href="#[a3]">&gt;&gt;</a>&nbsp;&nbsp;&nbsp;Driver_CAN_Send
</UL>

<P><STRONG><a name="[d6]"></a>CAN_Init</STRONG> (Thumb, 232 bytes, Stack size 12 bytes, stm32f10x_can.o(i.CAN_Init))
<BR><BR>[Stack]<UL><LI>Max Depth = 12<LI>Call Chain = CAN_Init
</UL>
<BR>[Called By]<UL><LI><a href="#[d3]">&gt;&gt;</a>&nbsp;&nbsp;&nbsp;Driver_CAN_UpdateParameter
</UL>

<P><STRONG><a name="[b2]"></a>CAN_Receive</STRONG> (Thumb, 124 bytes, Stack size 4 bytes, stm32f10x_can.o(i.CAN_Receive))
<BR><BR>[Stack]<UL><LI>Max Depth = 4<LI>Call Chain = CAN_Receive
</UL>
<BR>[Calls]<UL><LI><a href="#[b6]">&gt;&gt;</a>&nbsp;&nbsp;&nbsp;CAN_FIFORelease
</UL>
<BR>[Called By]<UL><LI><a href="#[1e]">&gt;&gt;</a>&nbsp;&nbsp;&nbsp;USB_LP_CAN1_RX0_IRQHandler
<LI><a href="#[1f]">&gt;&gt;</a>&nbsp;&nbsp;&nbsp;CAN1_RX1_IRQHandler
</UL>

<P><STRONG><a name="[d2]"></a>CAN_SlaveStartBank</STRONG> (Thumb, 40 bytes, Stack size 0 bytes, stm32f10x_can.o(i.CAN_SlaveStartBank))
<BR><BR>[Called By]<UL><LI><a href="#[ba]">&gt;&gt;</a>&nbsp;&nbsp;&nbsp;Driver_CAN_Init
</UL>

<P><STRONG><a name="[d5]"></a>CAN_Sleep</STRONG> (Thumb, 30 bytes, Stack size 0 bytes, stm32f10x_can.o(i.CAN_Sleep))
<BR><BR>[Called By]<UL><LI><a href="#[b8]">&gt;&gt;</a>&nbsp;&nbsp;&nbsp;Driver_CAN_Uninit
</UL>

<P><STRONG><a name="[114]"></a>CAN_Transmit</STRONG> (Thumb, 154 bytes, Stack size 16 bytes, stm32f10x_can.o(i.CAN_Transmit))
<BR><BR>[Stack]<UL><LI>Max Depth = 16<LI>Call Chain = CAN_Transmit
</UL>
<BR>[Called By]<UL><LI><a href="#[1d]">&gt;&gt;</a>&nbsp;&nbsp;&nbsp;USB_HP_CAN1_TX_IRQHandler
</UL>

<P><STRONG><a name="[5c]"></a>CalcTimeClear</STRONG> (Thumb, 6 bytes, Stack size 0 bytes, obdii.o(i.CalcTimeClear))
<BR><BR>[Calls]<UL><LI><a href="#[5b]">&gt;&gt;</a>&nbsp;&nbsp;&nbsp;GetSysTick
</UL>
<BR>[Called By]<UL><LI><a href="#[59]">&gt;&gt;</a>&nbsp;&nbsp;&nbsp;App_Accstate
</UL>

<P><STRONG><a name="[b7]"></a>CanExt250K_EntryLink</STRONG> (Thumb, 234 bytes, Stack size 64 bytes, bspobdii.o(i.CanExt250K_EntryLink))
<BR><BR>[Stack]<UL><LI>Max Depth = 400<LI>Call Chain = CanExt250K_EntryLink &rArr; TimeDly &rArr; CheckSysTick &rArr; MyPrintf &rArr; Uart_send
</UL>
<BR>[Calls]<UL><LI><a href="#[5e]">&gt;&gt;</a>&nbsp;&nbsp;&nbsp;Trace
<LI><a href="#[b9]">&gt;&gt;</a>&nbsp;&nbsp;&nbsp;TimeDly
<LI><a href="#[58]">&gt;&gt;</a>&nbsp;&nbsp;&nbsp;MyPrintf
<LI><a href="#[bb]">&gt;&gt;</a>&nbsp;&nbsp;&nbsp;Driver_CAN_SetMode
<LI><a href="#[bc]">&gt;&gt;</a>&nbsp;&nbsp;&nbsp;Driver_CAN_SetFilterRule
<LI><a href="#[ba]">&gt;&gt;</a>&nbsp;&nbsp;&nbsp;Driver_CAN_Init
<LI><a href="#[5b]">&gt;&gt;</a>&nbsp;&nbsp;&nbsp;GetSysTick
<LI><a href="#[61]">&gt;&gt;</a>&nbsp;&nbsp;&nbsp;CheckSysTick
<LI><a href="#[3b]">&gt;&gt;</a>&nbsp;&nbsp;&nbsp;__aeabi_memclr
<LI><a href="#[b8]">&gt;&gt;</a>&nbsp;&nbsp;&nbsp;Driver_CAN_Uninit
<LI><a href="#[bd]">&gt;&gt;</a>&nbsp;&nbsp;&nbsp;Driver_CAN_SetBaud
<LI><a href="#[a3]">&gt;&gt;</a>&nbsp;&nbsp;&nbsp;Driver_CAN_Send
<LI><a href="#[a4]">&gt;&gt;</a>&nbsp;&nbsp;&nbsp;Driver_CAN_Receive
</UL>
<BR>[Called By]<UL><LI><a href="#[f3]">&gt;&gt;</a>&nbsp;&nbsp;&nbsp;Obd_task
</UL>

<P><STRONG><a name="[be]"></a>CanExt500K_EntryLink</STRONG> (Thumb, 234 bytes, Stack size 64 bytes, bspobdii.o(i.CanExt500K_EntryLink))
<BR><BR>[Stack]<UL><LI>Max Depth = 400<LI>Call Chain = CanExt500K_EntryLink &rArr; TimeDly &rArr; CheckSysTick &rArr; MyPrintf &rArr; Uart_send
</UL>
<BR>[Calls]<UL><LI><a href="#[5e]">&gt;&gt;</a>&nbsp;&nbsp;&nbsp;Trace
<LI><a href="#[b9]">&gt;&gt;</a>&nbsp;&nbsp;&nbsp;TimeDly
<LI><a href="#[58]">&gt;&gt;</a>&nbsp;&nbsp;&nbsp;MyPrintf
<LI><a href="#[bb]">&gt;&gt;</a>&nbsp;&nbsp;&nbsp;Driver_CAN_SetMode
<LI><a href="#[bc]">&gt;&gt;</a>&nbsp;&nbsp;&nbsp;Driver_CAN_SetFilterRule
<LI><a href="#[ba]">&gt;&gt;</a>&nbsp;&nbsp;&nbsp;Driver_CAN_Init
<LI><a href="#[5b]">&gt;&gt;</a>&nbsp;&nbsp;&nbsp;GetSysTick
<LI><a href="#[61]">&gt;&gt;</a>&nbsp;&nbsp;&nbsp;CheckSysTick
<LI><a href="#[3b]">&gt;&gt;</a>&nbsp;&nbsp;&nbsp;__aeabi_memclr
<LI><a href="#[b8]">&gt;&gt;</a>&nbsp;&nbsp;&nbsp;Driver_CAN_Uninit
<LI><a href="#[bd]">&gt;&gt;</a>&nbsp;&nbsp;&nbsp;Driver_CAN_SetBaud
<LI><a href="#[a3]">&gt;&gt;</a>&nbsp;&nbsp;&nbsp;Driver_CAN_Send
<LI><a href="#[a4]">&gt;&gt;</a>&nbsp;&nbsp;&nbsp;Driver_CAN_Receive
</UL>
<BR>[Called By]<UL><LI><a href="#[f3]">&gt;&gt;</a>&nbsp;&nbsp;&nbsp;Obd_task
</UL>

<P><STRONG><a name="[bf]"></a>CanStd250K_EntryLink</STRONG> (Thumb, 312 bytes, Stack size 56 bytes, bspobdii.o(i.CanStd250K_EntryLink))
<BR><BR>[Stack]<UL><LI>Max Depth = 392<LI>Call Chain = CanStd250K_EntryLink &rArr; TimeDly &rArr; CheckSysTick &rArr; MyPrintf &rArr; Uart_send
</UL>
<BR>[Calls]<UL><LI><a href="#[5e]">&gt;&gt;</a>&nbsp;&nbsp;&nbsp;Trace
<LI><a href="#[b9]">&gt;&gt;</a>&nbsp;&nbsp;&nbsp;TimeDly
<LI><a href="#[58]">&gt;&gt;</a>&nbsp;&nbsp;&nbsp;MyPrintf
<LI><a href="#[bb]">&gt;&gt;</a>&nbsp;&nbsp;&nbsp;Driver_CAN_SetMode
<LI><a href="#[bc]">&gt;&gt;</a>&nbsp;&nbsp;&nbsp;Driver_CAN_SetFilterRule
<LI><a href="#[ba]">&gt;&gt;</a>&nbsp;&nbsp;&nbsp;Driver_CAN_Init
<LI><a href="#[c0]">&gt;&gt;</a>&nbsp;&nbsp;&nbsp;Driver_CAN_FilterIdListAdd
<LI><a href="#[5b]">&gt;&gt;</a>&nbsp;&nbsp;&nbsp;GetSysTick
<LI><a href="#[61]">&gt;&gt;</a>&nbsp;&nbsp;&nbsp;CheckSysTick
<LI><a href="#[3b]">&gt;&gt;</a>&nbsp;&nbsp;&nbsp;__aeabi_memclr
<LI><a href="#[b8]">&gt;&gt;</a>&nbsp;&nbsp;&nbsp;Driver_CAN_Uninit
<LI><a href="#[bd]">&gt;&gt;</a>&nbsp;&nbsp;&nbsp;Driver_CAN_SetBaud
<LI><a href="#[a3]">&gt;&gt;</a>&nbsp;&nbsp;&nbsp;Driver_CAN_Send
<LI><a href="#[a4]">&gt;&gt;</a>&nbsp;&nbsp;&nbsp;Driver_CAN_Receive
</UL>
<BR>[Called By]<UL><LI><a href="#[f3]">&gt;&gt;</a>&nbsp;&nbsp;&nbsp;Obd_task
</UL>

<P><STRONG><a name="[c1]"></a>CanStd500K_EntryLink</STRONG> (Thumb, 312 bytes, Stack size 56 bytes, bspobdii.o(i.CanStd500K_EntryLink))
<BR><BR>[Stack]<UL><LI>Max Depth = 392<LI>Call Chain = CanStd500K_EntryLink &rArr; TimeDly &rArr; CheckSysTick &rArr; MyPrintf &rArr; Uart_send
</UL>
<BR>[Calls]<UL><LI><a href="#[5e]">&gt;&gt;</a>&nbsp;&nbsp;&nbsp;Trace
<LI><a href="#[b9]">&gt;&gt;</a>&nbsp;&nbsp;&nbsp;TimeDly
<LI><a href="#[58]">&gt;&gt;</a>&nbsp;&nbsp;&nbsp;MyPrintf
<LI><a href="#[bb]">&gt;&gt;</a>&nbsp;&nbsp;&nbsp;Driver_CAN_SetMode
<LI><a href="#[bc]">&gt;&gt;</a>&nbsp;&nbsp;&nbsp;Driver_CAN_SetFilterRule
<LI><a href="#[ba]">&gt;&gt;</a>&nbsp;&nbsp;&nbsp;Driver_CAN_Init
<LI><a href="#[c0]">&gt;&gt;</a>&nbsp;&nbsp;&nbsp;Driver_CAN_FilterIdListAdd
<LI><a href="#[5b]">&gt;&gt;</a>&nbsp;&nbsp;&nbsp;GetSysTick
<LI><a href="#[61]">&gt;&gt;</a>&nbsp;&nbsp;&nbsp;CheckSysTick
<LI><a href="#[3b]">&gt;&gt;</a>&nbsp;&nbsp;&nbsp;__aeabi_memclr
<LI><a href="#[b8]">&gt;&gt;</a>&nbsp;&nbsp;&nbsp;Driver_CAN_Uninit
<LI><a href="#[bd]">&gt;&gt;</a>&nbsp;&nbsp;&nbsp;Driver_CAN_SetBaud
<LI><a href="#[a3]">&gt;&gt;</a>&nbsp;&nbsp;&nbsp;Driver_CAN_Send
<LI><a href="#[a4]">&gt;&gt;</a>&nbsp;&nbsp;&nbsp;Driver_CAN_Receive
</UL>
<BR>[Called By]<UL><LI><a href="#[f3]">&gt;&gt;</a>&nbsp;&nbsp;&nbsp;Obd_task
</UL>

<P><STRONG><a name="[61]"></a>CheckSysTick</STRONG> (Thumb, 46 bytes, Stack size 16 bytes, bsp.o(i.CheckSysTick))
<BR><BR>[Stack]<UL><LI>Max Depth = 320<LI>Call Chain = CheckSysTick &rArr; MyPrintf &rArr; Uart_send
</UL>
<BR>[Calls]<UL><LI><a href="#[58]">&gt;&gt;</a>&nbsp;&nbsp;&nbsp;MyPrintf
</UL>
<BR>[Called By]<UL><LI><a href="#[f3]">&gt;&gt;</a>&nbsp;&nbsp;&nbsp;Obd_task
<LI><a href="#[6c]">&gt;&gt;</a>&nbsp;&nbsp;&nbsp;App_Task
<LI><a href="#[b9]">&gt;&gt;</a>&nbsp;&nbsp;&nbsp;TimeDly
<LI><a href="#[67]">&gt;&gt;</a>&nbsp;&nbsp;&nbsp;App_ReadDtc
<LI><a href="#[60]">&gt;&gt;</a>&nbsp;&nbsp;&nbsp;App_ClearDtc
<LI><a href="#[6e]">&gt;&gt;</a>&nbsp;&nbsp;&nbsp;ObdSendDataDeal
<LI><a href="#[ac]">&gt;&gt;</a>&nbsp;&nbsp;&nbsp;SendVpwFrame
<LI><a href="#[aa]">&gt;&gt;</a>&nbsp;&nbsp;&nbsp;SendPwmFrame
<LI><a href="#[e1]">&gt;&gt;</a>&nbsp;&nbsp;&nbsp;Send5Bps
<LI><a href="#[a7]">&gt;&gt;</a>&nbsp;&nbsp;&nbsp;Iso_DataRec
<LI><a href="#[c3]">&gt;&gt;</a>&nbsp;&nbsp;&nbsp;DetectRate
<LI><a href="#[9c]">&gt;&gt;</a>&nbsp;&nbsp;&nbsp;BspObdii_VpwRead
<LI><a href="#[9b]">&gt;&gt;</a>&nbsp;&nbsp;&nbsp;BspObdii_PwmRead
<LI><a href="#[9e]">&gt;&gt;</a>&nbsp;&nbsp;&nbsp;BspObdii_Kwp2000Read
<LI><a href="#[9d]">&gt;&gt;</a>&nbsp;&nbsp;&nbsp;BspObdii_Iso9141Read
<LI><a href="#[9f]">&gt;&gt;</a>&nbsp;&nbsp;&nbsp;BspObdii_CanStdRead
<LI><a href="#[a0]">&gt;&gt;</a>&nbsp;&nbsp;&nbsp;BspObdii_CanExtRead
<LI><a href="#[e5]">&gt;&gt;</a>&nbsp;&nbsp;&nbsp;Kwp25bps_EntryLink
<LI><a href="#[df]">&gt;&gt;</a>&nbsp;&nbsp;&nbsp;Iso9141_EntryLink
<LI><a href="#[c1]">&gt;&gt;</a>&nbsp;&nbsp;&nbsp;CanStd500K_EntryLink
<LI><a href="#[bf]">&gt;&gt;</a>&nbsp;&nbsp;&nbsp;CanStd250K_EntryLink
<LI><a href="#[be]">&gt;&gt;</a>&nbsp;&nbsp;&nbsp;CanExt500K_EntryLink
<LI><a href="#[b7]">&gt;&gt;</a>&nbsp;&nbsp;&nbsp;CanExt250K_EntryLink
<LI><a href="#[f2]">&gt;&gt;</a>&nbsp;&nbsp;&nbsp;Obd_Read_ALLPid
<LI><a href="#[f1]">&gt;&gt;</a>&nbsp;&nbsp;&nbsp;Obd_ReadPid_Ready
<LI><a href="#[ee]">&gt;&gt;</a>&nbsp;&nbsp;&nbsp;Obd_PidCycle_Deal
</UL>

<P><STRONG><a name="[c2]"></a>CheckSysTicki</STRONG> (Thumb, 44 bytes, Stack size 16 bytes, bsp.o(i.CheckSysTicki))
<BR><BR>[Stack]<UL><LI>Max Depth = 320<LI>Call Chain = CheckSysTicki &rArr; MyPrintf &rArr; Uart_send
</UL>
<BR>[Calls]<UL><LI><a href="#[58]">&gt;&gt;</a>&nbsp;&nbsp;&nbsp;MyPrintf
</UL>
<BR>[Called By]<UL><LI><a href="#[fa]">&gt;&gt;</a>&nbsp;&nbsp;&nbsp;PowerCheck
</UL>

<P><STRONG><a name="[80]"></a>DMA_Cmd</STRONG> (Thumb, 22 bytes, Stack size 0 bytes, stm32f10x_dma.o(i.DMA_Cmd))
<BR><BR>[Called By]<UL><LI><a href="#[7c]">&gt;&gt;</a>&nbsp;&nbsp;&nbsp;BSP_ScanAdcChannel
</UL>

<P><STRONG><a name="[81]"></a>DMA_DeInit</STRONG> (Thumb, 228 bytes, Stack size 0 bytes, stm32f10x_dma.o(i.DMA_DeInit))
<BR><BR>[Called By]<UL><LI><a href="#[7c]">&gt;&gt;</a>&nbsp;&nbsp;&nbsp;BSP_ScanAdcChannel
</UL>

<P><STRONG><a name="[82]"></a>DMA_Init</STRONG> (Thumb, 58 bytes, Stack size 16 bytes, stm32f10x_dma.o(i.DMA_Init))
<BR><BR>[Stack]<UL><LI>Max Depth = 16<LI>Call Chain = DMA_Init
</UL>
<BR>[Called By]<UL><LI><a href="#[7c]">&gt;&gt;</a>&nbsp;&nbsp;&nbsp;BSP_ScanAdcChannel
</UL>

<P><STRONG><a name="[7]"></a>DebugMon_Handler</STRONG> (Thumb, 2 bytes, Stack size 0 bytes, stm32f10x_it.o(i.DebugMon_Handler))
<BR>[Address Reference Count : 1]<UL><LI> startup_stm32f10x_md.o(RESET)
</UL>
<P><STRONG><a name="[c3]"></a>DetectRate</STRONG> (Thumb, 272 bytes, Stack size 64 bytes, bspobdii.o(i.DetectRate))
<BR><BR>[Stack]<UL><LI>Max Depth = 384<LI>Call Chain = DetectRate &rArr; CheckSysTick &rArr; MyPrintf &rArr; Uart_send
</UL>
<BR>[Calls]<UL><LI><a href="#[c4]">&gt;&gt;</a>&nbsp;&nbsp;&nbsp;GPIO_ReadInputDataBit
<LI><a href="#[5e]">&gt;&gt;</a>&nbsp;&nbsp;&nbsp;Trace
<LI><a href="#[58]">&gt;&gt;</a>&nbsp;&nbsp;&nbsp;MyPrintf
<LI><a href="#[5b]">&gt;&gt;</a>&nbsp;&nbsp;&nbsp;GetSysTick
<LI><a href="#[61]">&gt;&gt;</a>&nbsp;&nbsp;&nbsp;CheckSysTick
<LI><a href="#[7a]">&gt;&gt;</a>&nbsp;&nbsp;&nbsp;BSP_RESET_DOG
<LI><a href="#[c5]">&gt;&gt;</a>&nbsp;&nbsp;&nbsp;TIM_TimeBaseInit
<LI><a href="#[c8]">&gt;&gt;</a>&nbsp;&nbsp;&nbsp;TIM_SetCounter
<LI><a href="#[c7]">&gt;&gt;</a>&nbsp;&nbsp;&nbsp;TIM_ITConfig
<LI><a href="#[ca]">&gt;&gt;</a>&nbsp;&nbsp;&nbsp;TIM_GetCounter
<LI><a href="#[c9]">&gt;&gt;</a>&nbsp;&nbsp;&nbsp;TIM_Cmd
<LI><a href="#[c6]">&gt;&gt;</a>&nbsp;&nbsp;&nbsp;TIM_ARRPreloadConfig
<LI><a href="#[cc]">&gt;&gt;</a>&nbsp;&nbsp;&nbsp;Iso_Port_init
<LI><a href="#[cb]">&gt;&gt;</a>&nbsp;&nbsp;&nbsp;GETSUB
</UL>
<BR>[Called By]<UL><LI><a href="#[df]">&gt;&gt;</a>&nbsp;&nbsp;&nbsp;Iso9141_EntryLink
</UL>

<P><STRONG><a name="[cd]"></a>Driver_CAN_AddIdList16</STRONG> (Thumb, 364 bytes, Stack size 40 bytes, driver_can.o(i.Driver_CAN_AddIdList16))
<BR><BR>[Stack]<UL><LI>Max Depth = 52<LI>Call Chain = Driver_CAN_AddIdList16 &rArr; CAN_FilterInit
</UL>
<BR>[Calls]<UL><LI><a href="#[ce]">&gt;&gt;</a>&nbsp;&nbsp;&nbsp;CAN_FilterInit
</UL>
<BR>[Called By]<UL><LI><a href="#[c0]">&gt;&gt;</a>&nbsp;&nbsp;&nbsp;Driver_CAN_FilterIdListAdd
</UL>

<P><STRONG><a name="[cf]"></a>Driver_CAN_AddIdList32</STRONG> (Thumb, 214 bytes, Stack size 32 bytes, driver_can.o(i.Driver_CAN_AddIdList32))
<BR><BR>[Stack]<UL><LI>Max Depth = 44<LI>Call Chain = Driver_CAN_AddIdList32 &rArr; CAN_FilterInit
</UL>
<BR>[Calls]<UL><LI><a href="#[ce]">&gt;&gt;</a>&nbsp;&nbsp;&nbsp;CAN_FilterInit
</UL>
<BR>[Called By]<UL><LI><a href="#[c0]">&gt;&gt;</a>&nbsp;&nbsp;&nbsp;Driver_CAN_FilterIdListAdd
</UL>

<P><STRONG><a name="[a1]"></a>Driver_CAN_ClearRxBuffer</STRONG> (Thumb, 32 bytes, Stack size 8 bytes, driver_can.o(i.Driver_CAN_ClearRxBuffer))
<BR><BR>[Stack]<UL><LI>Max Depth = 8<LI>Call Chain = Driver_CAN_ClearRxBuffer
</UL>
<BR>[Calls]<UL><LI><a href="#[b6]">&gt;&gt;</a>&nbsp;&nbsp;&nbsp;CAN_FIFORelease
</UL>
<BR>[Called By]<UL><LI><a href="#[ba]">&gt;&gt;</a>&nbsp;&nbsp;&nbsp;Driver_CAN_Init
<LI><a href="#[9f]">&gt;&gt;</a>&nbsp;&nbsp;&nbsp;BspObdii_CanStdRead
<LI><a href="#[a0]">&gt;&gt;</a>&nbsp;&nbsp;&nbsp;BspObdii_CanExtRead
</UL>

<P><STRONG><a name="[a2]"></a>Driver_CAN_ClearTxBuffer</STRONG> (Thumb, 38 bytes, Stack size 8 bytes, driver_can.o(i.Driver_CAN_ClearTxBuffer))
<BR><BR>[Stack]<UL><LI>Max Depth = 8<LI>Call Chain = Driver_CAN_ClearTxBuffer
</UL>
<BR>[Calls]<UL><LI><a href="#[d0]">&gt;&gt;</a>&nbsp;&nbsp;&nbsp;CAN_CancelTransmit
</UL>
<BR>[Called By]<UL><LI><a href="#[ba]">&gt;&gt;</a>&nbsp;&nbsp;&nbsp;Driver_CAN_Init
<LI><a href="#[9f]">&gt;&gt;</a>&nbsp;&nbsp;&nbsp;BspObdii_CanStdRead
<LI><a href="#[a0]">&gt;&gt;</a>&nbsp;&nbsp;&nbsp;BspObdii_CanExtRead
</UL>

<P><STRONG><a name="[c0]"></a>Driver_CAN_FilterIdListAdd</STRONG> (Thumb, 16 bytes, Stack size 0 bytes, driver_can.o(i.Driver_CAN_FilterIdListAdd))
<BR><BR>[Stack]<UL><LI>Max Depth = 52<LI>Call Chain = Driver_CAN_FilterIdListAdd &rArr; Driver_CAN_AddIdList16 &rArr; CAN_FilterInit
</UL>
<BR>[Calls]<UL><LI><a href="#[cf]">&gt;&gt;</a>&nbsp;&nbsp;&nbsp;Driver_CAN_AddIdList32
<LI><a href="#[cd]">&gt;&gt;</a>&nbsp;&nbsp;&nbsp;Driver_CAN_AddIdList16
</UL>
<BR>[Called By]<UL><LI><a href="#[c1]">&gt;&gt;</a>&nbsp;&nbsp;&nbsp;CanStd500K_EntryLink
<LI><a href="#[bf]">&gt;&gt;</a>&nbsp;&nbsp;&nbsp;CanStd250K_EntryLink
</UL>

<P><STRONG><a name="[d1]"></a>Driver_CAN_FilterIdListClear</STRONG> (Thumb, 58 bytes, Stack size 24 bytes, driver_can.o(i.Driver_CAN_FilterIdListClear))
<BR><BR>[Stack]<UL><LI>Max Depth = 36<LI>Call Chain = Driver_CAN_FilterIdListClear &rArr; CAN_FilterInit
</UL>
<BR>[Calls]<UL><LI><a href="#[ce]">&gt;&gt;</a>&nbsp;&nbsp;&nbsp;CAN_FilterInit
</UL>
<BR>[Called By]<UL><LI><a href="#[bc]">&gt;&gt;</a>&nbsp;&nbsp;&nbsp;Driver_CAN_SetFilterRule
</UL>

<P><STRONG><a name="[ba]"></a>Driver_CAN_Init</STRONG> (Thumb, 210 bytes, Stack size 32 bytes, driver_can.o(i.Driver_CAN_Init))
<BR><BR>[Stack]<UL><LI>Max Depth = 100<LI>Call Chain = Driver_CAN_Init &rArr; Driver_CAN_SetFilterRule &rArr; Driver_CAN_FilterIdListClear &rArr; CAN_FilterInit
</UL>
<BR>[Calls]<UL><LI><a href="#[8d]">&gt;&gt;</a>&nbsp;&nbsp;&nbsp;RCC_APB1PeriphClockCmd
<LI><a href="#[74]">&gt;&gt;</a>&nbsp;&nbsp;&nbsp;GPIO_Init
<LI><a href="#[d2]">&gt;&gt;</a>&nbsp;&nbsp;&nbsp;CAN_SlaveStartBank
<LI><a href="#[d4]">&gt;&gt;</a>&nbsp;&nbsp;&nbsp;CAN_ITConfig
<LI><a href="#[b4]">&gt;&gt;</a>&nbsp;&nbsp;&nbsp;CAN_DeInit
<LI><a href="#[79]">&gt;&gt;</a>&nbsp;&nbsp;&nbsp;NVIC_Init
<LI><a href="#[bc]">&gt;&gt;</a>&nbsp;&nbsp;&nbsp;Driver_CAN_SetFilterRule
<LI><a href="#[d3]">&gt;&gt;</a>&nbsp;&nbsp;&nbsp;Driver_CAN_UpdateParameter
<LI><a href="#[a2]">&gt;&gt;</a>&nbsp;&nbsp;&nbsp;Driver_CAN_ClearTxBuffer
<LI><a href="#[a1]">&gt;&gt;</a>&nbsp;&nbsp;&nbsp;Driver_CAN_ClearRxBuffer
</UL>
<BR>[Called By]<UL><LI><a href="#[c1]">&gt;&gt;</a>&nbsp;&nbsp;&nbsp;CanStd500K_EntryLink
<LI><a href="#[bf]">&gt;&gt;</a>&nbsp;&nbsp;&nbsp;CanStd250K_EntryLink
<LI><a href="#[be]">&gt;&gt;</a>&nbsp;&nbsp;&nbsp;CanExt500K_EntryLink
<LI><a href="#[b7]">&gt;&gt;</a>&nbsp;&nbsp;&nbsp;CanExt250K_EntryLink
</UL>

<P><STRONG><a name="[a4]"></a>Driver_CAN_Receive</STRONG> (Thumb, 108 bytes, Stack size 20 bytes, driver_can.o(i.Driver_CAN_Receive))
<BR><BR>[Stack]<UL><LI>Max Depth = 20<LI>Call Chain = Driver_CAN_Receive
</UL>
<BR>[Called By]<UL><LI><a href="#[9f]">&gt;&gt;</a>&nbsp;&nbsp;&nbsp;BspObdii_CanStdRead
[...]
<LI><a href="#[91]">&gt;&gt;</a>&nbsp;&nbsp;&nbsp;BSP_SysTick
<LI><a href="#[69]">&gt;&gt;</a>&nbsp;&nbsp;&nbsp;App_ReadVIN
<LI><a href="#[59]">&gt;&gt;</a>&nbsp;&nbsp;&nbsp;App_Accstate
<LI><a href="#[eb]">&gt;&gt;</a>&nbsp;&nbsp;&nbsp;TraceHexStr
<LI><a href="#[6d]">&gt;&gt;</a>&nbsp;&nbsp;&nbsp;Pro_Pack_Obd
<LI><a href="#[6e]">&gt;&gt;</a>&nbsp;&nbsp;&nbsp;ObdSendDataDeal
<LI><a href="#[ac]">&gt;&gt;</a>&nbsp;&nbsp;&nbsp;SendVpwFrame
<LI><a href="#[aa]">&gt;&gt;</a>&nbsp;&nbsp;&nbsp;SendPwmFrame
<LI><a href="#[c3]">&gt;&gt;</a>&nbsp;&nbsp;&nbsp;DetectRate
<LI><a href="#[e5]">&gt;&gt;</a>&nbsp;&nbsp;&nbsp;Kwp25bps_EntryLink
<LI><a href="#[df]">&gt;&gt;</a>&nbsp;&nbsp;&nbsp;Iso9141_EntryLink
<LI><a href="#[c1]">&gt;&gt;</a>&nbsp;&nbsp;&nbsp;CanStd500K_EntryLink
<LI><a href="#[bf]">&gt;&gt;</a>&nbsp;&nbsp;&nbsp;CanStd250K_EntryLink
<LI><a href="#[be]">&gt;&gt;</a>&nbsp;&nbsp;&nbsp;CanExt500K_EntryLink
<LI><a href="#[b7]">&gt;&gt;</a>&nbsp;&nbsp;&nbsp;CanExt250K_EntryLink
<LI><a href="#[65]">&gt;&gt;</a>&nbsp;&nbsp;&nbsp;indtcbuf
<LI><a href="#[57]">&gt;&gt;</a>&nbsp;&nbsp;&nbsp;Trip_end_up
<LI><a href="#[5a]">&gt;&gt;</a>&nbsp;&nbsp;&nbsp;Trip_Start_initial
<LI><a href="#[10d]">&gt;&gt;</a>&nbsp;&nbsp;&nbsp;Read_Trip_Data
<LI><a href="#[ef]">&gt;&gt;</a>&nbsp;&nbsp;&nbsp;Obd_ReadPid_Val
<LI><a href="#[f1]">&gt;&gt;</a>&nbsp;&nbsp;&nbsp;Obd_ReadPid_Ready
<LI><a href="#[ee]">&gt;&gt;</a>&nbsp;&nbsp;&nbsp;Obd_PidCycle_Deal
<LI><a href="#[e7]">&gt;&gt;</a>&nbsp;&nbsp;&nbsp;LinkBreakCheck
<LI><a href="#[68]">&gt;&gt;</a>&nbsp;&nbsp;&nbsp;Ecu_MilState
</UL>

<P><STRONG><a name="[eb]"></a>TraceHexStr</STRONG> (Thumb, 64 bytes, Stack size 32 bytes, tools.o(i.TraceHexStr))
<BR><BR>[Stack]<UL><LI>Max Depth = 64<LI>Call Chain = TraceHexStr &rArr; Trace &rArr; Uart_send
</UL>
<BR>[Calls]<UL><LI><a href="#[5e]">&gt;&gt;</a>&nbsp;&nbsp;&nbsp;Trace
<LI><a href="#[7a]">&gt;&gt;</a>&nbsp;&nbsp;&nbsp;BSP_RESET_DOG
<LI><a href="#[b0]">&gt;&gt;</a>&nbsp;&nbsp;&nbsp;ByteToStr
</UL>
<BR>[Called By]<UL><LI><a href="#[f5]">&gt;&gt;</a>&nbsp;&nbsp;&nbsp;Pro_Pack_Answer
<LI><a href="#[6e]">&gt;&gt;</a>&nbsp;&nbsp;&nbsp;ObdSendDataDeal
</UL>

<P><STRONG><a name="[5a]"></a>Trip_Start_initial</STRONG> (Thumb, 94 bytes, Stack size 16 bytes, obdii.o(i.Trip_Start_initial))
<BR><BR>[Stack]<UL><LI>Max Depth = 48<LI>Call Chain = Trip_Start_initial &rArr; Trace &rArr; Uart_send
</UL>
<BR>[Calls]<UL><LI><a href="#[5e]">&gt;&gt;</a>&nbsp;&nbsp;&nbsp;Trace
<LI><a href="#[5b]">&gt;&gt;</a>&nbsp;&nbsp;&nbsp;GetSysTick
</UL>
<BR>[Called By]<UL><LI><a href="#[59]">&gt;&gt;</a>&nbsp;&nbsp;&nbsp;App_Accstate
</UL>

<P><STRONG><a name="[57]"></a>Trip_end_up</STRONG> (Thumb, 320 bytes, Stack size 24 bytes, obdii.o(i.Trip_end_up))
<BR><BR>[Stack]<UL><LI>Max Depth = 328<LI>Call Chain = Trip_end_up &rArr; MyPrintf &rArr; Uart_send
</UL>
<BR>[Calls]<UL><LI><a href="#[4e]">&gt;&gt;</a>&nbsp;&nbsp;&nbsp;__aeabi_ui2f
<LI><a href="#[4c]">&gt;&gt;</a>&nbsp;&nbsp;&nbsp;__aeabi_ddiv
<LI><a href="#[4f]">&gt;&gt;</a>&nbsp;&nbsp;&nbsp;__aeabi_ui2d
<LI><a href="#[e8]">&gt;&gt;</a>&nbsp;&nbsp;&nbsp;__aeabi_fmul
<LI><a href="#[dd]">&gt;&gt;</a>&nbsp;&nbsp;&nbsp;__aeabi_f2d
<LI><a href="#[4b]">&gt;&gt;</a>&nbsp;&nbsp;&nbsp;__aeabi_dmul
<LI><a href="#[52]">&gt;&gt;</a>&nbsp;&nbsp;&nbsp;__aeabi_d2f
<LI><a href="#[5e]">&gt;&gt;</a>&nbsp;&nbsp;&nbsp;Trace
<LI><a href="#[58]">&gt;&gt;</a>&nbsp;&nbsp;&nbsp;MyPrintf
<LI><a href="#[5b]">&gt;&gt;</a>&nbsp;&nbsp;&nbsp;GetSysTick
<LI><a href="#[6d]">&gt;&gt;</a>&nbsp;&nbsp;&nbsp;Pro_Pack_Obd
<LI><a href="#[43]">&gt;&gt;</a>&nbsp;&nbsp;&nbsp;__aeabi_fdiv
<LI><a href="#[71]">&gt;&gt;</a>&nbsp;&nbsp;&nbsp;__aeabi_f2uiz
<LI><a href="#[3e]">&gt;&gt;</a>&nbsp;&nbsp;&nbsp;__aeabi_fadd
</UL>
<BR>[Called By]<UL><LI><a href="#[56]">&gt;&gt;</a>&nbsp;&nbsp;&nbsp;AccOff_Deal
</UL>

<P><STRONG><a name="[2f]"></a>USART1_IRQHandler</STRONG> (Thumb, 4 bytes, Stack size 0 bytes, stm32f10x_it.o(i.USART1_IRQHandler))
<BR><BR>[Stack]<UL><LI>Max Depth = 48<LI>Call Chain = USART1_IRQHandler &rArr; Pro_Txh_UartInt &rArr; Uart_read &rArr; USART_GetITStatus
</UL>
<BR>[Calls]<UL><LI><a href="#[104]">&gt;&gt;</a>&nbsp;&nbsp;&nbsp;Pro_Txh_UartInt
</UL>
<BR>[Address Reference Count : 1]<UL><LI> startup_stm32f10x_md.o(RESET)
</UL>
<P><STRONG><a name="[30]"></a>USART2_IRQHandler</STRONG> (Thumb, 2 bytes, Stack size 0 bytes, stm32f10x_it.o(i.USART2_IRQHandler))
<BR>[Address Reference Count : 1]<UL><LI> startup_stm32f10x_md.o(RESET)
</UL>
<P><STRONG><a name="[31]"></a>USART3_IRQHandler</STRONG> (Thumb, 4 bytes, Stack size 0 bytes, stm32f10x_it.o(i.USART3_IRQHandler))
<BR><BR>[Stack]<UL><LI>Max Depth = 48<LI>Call Chain = USART3_IRQHandler &rArr; IsoUartInt &rArr; Uart_read &rArr; USART_GetITStatus
</UL>
<BR>[Calls]<UL><LI><a href="#[e3]">&gt;&gt;</a>&nbsp;&nbsp;&nbsp;IsoUartInt
</UL>
<BR>[Address Reference Count : 1]<UL><LI> startup_stm32f10x_md.o(RESET)
</UL>
<P><STRONG><a name="[116]"></a>USART_ClearITPendingBit</STRONG> (Thumb, 12 bytes, Stack size 0 bytes, stm32f10x_usart.o(i.USART_ClearITPendingBit))
<BR><BR>[Called By]<UL><LI><a href="#[e4]">&gt;&gt;</a>&nbsp;&nbsp;&nbsp;Uart_read
</UL>

<P><STRONG><a name="[96]"></a>USART_Cmd</STRONG> (Thumb, 20 bytes, Stack size 0 bytes, stm32f10x_usart.o(i.USART_Cmd))
<BR><BR>[Called By]<UL><LI><a href="#[8e]">&gt;&gt;</a>&nbsp;&nbsp;&nbsp;BSP_UartInit
</UL>

<P><STRONG><a name="[10f]"></a>USART_GetFlagStatus</STRONG> (Thumb, 14 bytes, Stack size 0 bytes, stm32f10x_usart.o(i.USART_GetFlagStatus))
<BR><BR>[Called By]<UL><LI><a href="#[6b]">&gt;&gt;</a>&nbsp;&nbsp;&nbsp;Uart_send
<LI><a href="#[e2]">&gt;&gt;</a>&nbsp;&nbsp;&nbsp;SendData2Usart3AndReciveKey
<LI><a href="#[a6]">&gt;&gt;</a>&nbsp;&nbsp;&nbsp;SendData2Usart3
</UL>

<P><STRONG><a name="[115]"></a>USART_GetITStatus</STRONG> (Thumb, 62 bytes, Stack size 16 bytes, stm32f10x_usart.o(i.USART_GetITStatus))
<BR><BR>[Stack]<UL><LI>Max Depth = 16<LI>Call Chain = USART_GetITStatus
</UL>
<BR>[Called By]<UL><LI><a href="#[e4]">&gt;&gt;</a>&nbsp;&nbsp;&nbsp;Uart_read
</UL>

<P><STRONG><a name="[95]"></a>USART_ITConfig</STRONG> (Thumb, 48 bytes, Stack size 8 bytes, stm32f10x_usart.o(i.USART_ITConfig))
<BR><BR>[Stack]<UL><LI>Max Depth = 8<LI>Call Chain = USART_ITConfig
</UL>
<BR>[Called By]<UL><LI><a href="#[8e]">&gt;&gt;</a>&nbsp;&nbsp;&nbsp;BSP_UartInit
</UL>

<P><STRONG><a name="[94]"></a>USART_Init</STRONG> (Thumb, 176 bytes, Stack size 32 bytes, stm32f10x_usart.o(i.USART_Init))
<BR><BR>[Stack]<UL><LI>Max Depth = 40<LI>Call Chain = USART_Init &rArr; RCC_GetClocksFreq
</UL>
<BR>[Calls]<UL><LI><a href="#[113]">&gt;&gt;</a>&nbsp;&nbsp;&nbsp;RCC_GetClocksFreq
</UL>
<BR>[Called By]<UL><LI><a href="#[8e]">&gt;&gt;</a>&nbsp;&nbsp;&nbsp;BSP_UartInit
</UL>

<P><STRONG><a name="[10e]"></a>USART_SendData</STRONG> (Thumb, 8 bytes, Stack size 0 bytes, stm32f10x_usart.o(i.USART_SendData))
<BR><BR>[Called By]<UL><LI><a href="#[6b]">&gt;&gt;</a>&nbsp;&nbsp;&nbsp;Uart_send
<LI><a href="#[e2]">&gt;&gt;</a>&nbsp;&nbsp;&nbsp;SendData2Usart3AndReciveKey
<LI><a href="#[a6]">&gt;&gt;</a>&nbsp;&nbsp;&nbsp;SendData2Usart3
</UL>

<P><STRONG><a name="[1d]"></a>USB_HP_CAN1_TX_IRQHandler</STRONG> (Thumb, 84 bytes, Stack size 16 bytes, driver_can.o(i.USB_HP_CAN1_TX_IRQHandler))
<BR><BR>[Stack]<UL><LI>Max Depth = 32<LI>Call Chain = USB_HP_CAN1_TX_IRQHandler &rArr; CAN_Transmit
</UL>
<BR>[Calls]<UL><LI><a href="#[114]">&gt;&gt;</a>&nbsp;&nbsp;&nbsp;CAN_Transmit
<LI><a href="#[d4]">&gt;&gt;</a>&nbsp;&nbsp;&nbsp;CAN_ITConfig
<LI><a href="#[b3]">&gt;&gt;</a>&nbsp;&nbsp;&nbsp;CAN_ClearITPendingBit
</UL>
<BR>[Called By]<UL><LI><a href="#[a3]">&gt;&gt;</a>&nbsp;&nbsp;&nbsp;Driver_CAN_Send
</UL>
<BR>[Address Reference Count : 1]<UL><LI> startup_stm32f10x_md.o(RESET)
</UL>
<P><STRONG><a name="[1e]"></a>USB_LP_CAN1_RX0_IRQHandler</STRONG> (Thumb, 74 bytes, Stack size 16 bytes, driver_can.o(i.USB_LP_CAN1_RX0_IRQHandler))
<BR><BR>[Stack]<UL><LI>Max Depth = 28<LI>Call Chain = USB_LP_CAN1_RX0_IRQHandler &rArr; CAN_ClearITPendingBit
</UL>
<BR>[Calls]<UL><LI><a href="#[b2]">&gt;&gt;</a>&nbsp;&nbsp;&nbsp;CAN_Receive
<LI><a href="#[b3]">&gt;&gt;</a>&nbsp;&nbsp;&nbsp;CAN_ClearITPendingBit
</UL>
<BR>[Address Reference Count : 1]<UL><LI> startup_stm32f10x_md.o(RESET)
</UL>
<P><STRONG><a name="[e4]"></a>Uart_read</STRONG> (Thumb, 54 bytes, Stack size 24 bytes, bsp.o(i.Uart_read))
<BR><BR>[Stack]<UL><LI>Max Depth = 40<LI>Call Chain = Uart_read &rArr; USART_GetITStatus
</UL>
<BR>[Calls]<UL><LI><a href="#[115]">&gt;&gt;</a>&nbsp;&nbsp;&nbsp;USART_GetITStatus
<LI><a href="#[116]">&gt;&gt;</a>&nbsp;&nbsp;&nbsp;USART_ClearITPendingBit
</UL>
<BR>[Called By]<UL><LI><a href="#[104]">&gt;&gt;</a>&nbsp;&nbsp;&nbsp;Pro_Txh_UartInt
<LI><a href="#[e3]">&gt;&gt;</a>&nbsp;&nbsp;&nbsp;IsoUartInt
</UL>

<P><STRONG><a name="[6b]"></a>Uart_send</STRONG> (Thumb, 64 bytes, Stack size 24 bytes, bsp.o(i.Uart_send))
<BR><BR>[Stack]<UL><LI>Max Depth = 24<LI>Call Chain = Uart_send
</UL>
<BR>[Calls]<UL><LI><a href="#[7b]">&gt;&gt;</a>&nbsp;&nbsp;&nbsp;IWDG_ReloadCounter
<LI><a href="#[10e]">&gt;&gt;</a>&nbsp;&nbsp;&nbsp;USART_SendData
<LI><a href="#[10f]">&gt;&gt;</a>&nbsp;&nbsp;&nbsp;USART_GetFlagStatus
</UL>
<BR>[Called By]<UL><LI><a href="#[5e]">&gt;&gt;</a>&nbsp;&nbsp;&nbsp;Trace
<LI><a href="#[58]">&gt;&gt;</a>&nbsp;&nbsp;&nbsp;MyPrintf
<LI><a href="#[91]">&gt;&gt;</a>&nbsp;&nbsp;&nbsp;BSP_SysTick
<LI><a href="#[5]">&gt;&gt;</a>&nbsp;&nbsp;&nbsp;UsageFault_Handler
<LI><a href="#[1]">&gt;&gt;</a>&nbsp;&nbsp;&nbsp;NMI_Handler
<LI><a href="#[3]">&gt;&gt;</a>&nbsp;&nbsp;&nbsp;MemManage_Handler
<LI><a href="#[2]">&gt;&gt;</a>&nbsp;&nbsp;&nbsp;HardFault_Handler
<LI><a href="#[4]">&gt;&gt;</a>&nbsp;&nbsp;&nbsp;BusFault_Handler
<LI><a href="#[69]">&gt;&gt;</a>&nbsp;&nbsp;&nbsp;App_ReadVIN
<LI><a href="#[f5]">&gt;&gt;</a>&nbsp;&nbsp;&nbsp;Pro_Pack_Answer
<LI><a href="#[6e]">&gt;&gt;</a>&nbsp;&nbsp;&nbsp;ObdSendDataDeal
<LI><a href="#[65]">&gt;&gt;</a>&nbsp;&nbsp;&nbsp;indtcbuf
</UL>

<P><STRONG><a name="[5]"></a>UsageFault_Handler</STRONG> (Thumb, 14 bytes, Stack size 0 bytes, stm32f10x_it.o(i.UsageFault_Handler))
<BR><BR>[Stack]<UL><LI>Max Depth = 24<LI>Call Chain = UsageFault_Handler &rArr; Uart_send
</UL>
<BR>[Calls]<UL><LI><a href="#[6b]">&gt;&gt;</a>&nbsp;&nbsp;&nbsp;Uart_send
<LI><a href="#[af]">&gt;&gt;</a>&nbsp;&nbsp;&nbsp;NVIC_SystemReset
</UL>
<BR>[Address Reference Count : 1]<UL><LI> startup_stm32f10x_md.o(RESET)
</UL>
<P><STRONG><a name="[117]"></a>VpwDataIn</STRONG> (Thumb, 176 bytes, Stack size 32 bytes, bspobdii.o(i.VpwDataIn))
<BR><BR>[Stack]<UL><LI>Max Depth = 304<LI>Call Chain = VpwDataIn &rArr; GetPwmCrc
</UL>
<BR>[Calls]<UL><LI><a href="#[6a]">&gt;&gt;</a>&nbsp;&nbsp;&nbsp;__aeabi_memcpy
<LI><a href="#[a9]">&gt;&gt;</a>&nbsp;&nbsp;&nbsp;GetPwmCrc
</UL>
<BR>[Called By]<UL><LI><a href="#[ad]">&gt;&gt;</a>&nbsp;&nbsp;&nbsp;Vpw_Rec_Deal
</UL>

<P><STRONG><a name="[ad]"></a>Vpw_Rec_Deal</STRONG> (Thumb, 198 bytes, Stack size 24 bytes, bspobdii.o(i.Vpw_Rec_Deal))
<BR><BR>[Stack]<UL><LI>Max Depth = 408<LI>Call Chain = Vpw_Rec_Deal &rArr; PwmDataIn &rArr; SendPwmFrame &rArr; CheckSysTick &rArr; MyPrintf &rArr; Uart_send
</UL>
<BR>[Calls]<UL><LI><a href="#[117]">&gt;&gt;</a>&nbsp;&nbsp;&nbsp;VpwDataIn
<LI><a href="#[105]">&gt;&gt;</a>&nbsp;&nbsp;&nbsp;PwmDataIn
</UL>
<BR>[Called By]<UL><LI><a href="#[9c]">&gt;&gt;</a>&nbsp;&nbsp;&nbsp;BspObdii_VpwRead
</UL>

<P><STRONG><a name="[108]"></a>Vpw_ReceiveOpen</STRONG> (Thumb, 80 bytes, Stack size 0 bytes, bspobdii.o(i.Vpw_ReceiveOpen))
<BR><BR>[Called By]<UL><LI><a href="#[106]">&gt;&gt;</a>&nbsp;&nbsp;&nbsp;Pwm_Int
</UL>

<P><STRONG><a name="[f4]"></a>WriteSavePara</STRONG> (Thumb, 98 bytes, Stack size 24 bytes, bsp.o(i.WriteSavePara))
<BR><BR>[Stack]<UL><LI>Max Depth = 52<LI>Call Chain = WriteSavePara &rArr; FLASH_ProgramWord &rArr; FLASH_WaitForLastOperation
</UL>
<BR>[Calls]<UL><LI><a href="#[10a]">&gt;&gt;</a>&nbsp;&nbsp;&nbsp;FLASH_Unlock
<LI><a href="#[d9]">&gt;&gt;</a>&nbsp;&nbsp;&nbsp;FLASH_ProgramWord
<LI><a href="#[10c]">&gt;&gt;</a>&nbsp;&nbsp;&nbsp;FLASH_Lock
<LI><a href="#[d7]">&gt;&gt;</a>&nbsp;&nbsp;&nbsp;FLASH_ErasePage
</UL>
<BR>[Called By]<UL><LI><a href="#[f3]">&gt;&gt;</a>&nbsp;&nbsp;&nbsp;Obd_task
</UL>

<P><STRONG><a name="[118]"></a>__0sprintf</STRONG> (Thumb, 34 bytes, Stack size 24 bytes, printfa.o(i.__0sprintf), UNUSED)
<BR><BR>[Calls]<UL><LI><a href="#[38]">&gt;&gt;</a>&nbsp;&nbsp;&nbsp;_sputc
<LI><a href="#[119]">&gt;&gt;</a>&nbsp;&nbsp;&nbsp;_printf_core
</UL>

<P><STRONG><a name="[19e]"></a>__1sprintf</STRONG> (Thumb, 0 bytes, Stack size 24 bytes, printfa.o(i.__0sprintf), UNUSED)

<P><STRONG><a name="[ff]"></a>__2sprintf</STRONG> (Thumb, 0 bytes, Stack size 24 bytes, printfa.o(i.__0sprintf))
<BR><BR>[Stack]<UL><LI>Max Depth = 24<LI>Call Chain = __2sprintf
</UL>
<BR>[Called By]<UL><LI><a href="#[6d]">&gt;&gt;</a>&nbsp;&nbsp;&nbsp;Pro_Pack_Obd
</UL>

<P><STRONG><a name="[19f]"></a>__c89sprintf</STRONG> (Thumb, 0 bytes, Stack size 24 bytes, printfa.o(i.__0sprintf), UNUSED)

<P><STRONG><a name="[1a0]"></a>sprintf</STRONG> (Thumb, 0 bytes, Stack size 24 bytes, printfa.o(i.__0sprintf), UNUSED)

<P><STRONG><a name="[11a]"></a>__0vsprintf</STRONG> (Thumb, 28 bytes, Stack size 24 bytes, printfa.o(i.__0vsprintf), UNUSED)
<BR><BR>[Calls]<UL><LI><a href="#[38]">&gt;&gt;</a>&nbsp;&nbsp;&nbsp;_sputc
<LI><a href="#[119]">&gt;&gt;</a>&nbsp;&nbsp;&nbsp;_printf_core
</UL>

<P><STRONG><a name="[1a1]"></a>__1vsprintf</STRONG> (Thumb, 0 bytes, Stack size 24 bytes, printfa.o(i.__0vsprintf), UNUSED)

<P><STRONG><a name="[1a2]"></a>__2vsprintf</STRONG> (Thumb, 0 bytes, Stack size 24 bytes, printfa.o(i.__0vsprintf), UNUSED)

<P><STRONG><a name="[e9]"></a>__c89vsprintf</STRONG> (Thumb, 0 bytes, Stack size 24 bytes, printfa.o(i.__0vsprintf))
<BR><BR>[Stack]<UL><LI>Max Depth = 24<LI>Call Chain = __c89vsprintf
</UL>
<BR>[Called By]<UL><LI><a href="#[58]">&gt;&gt;</a>&nbsp;&nbsp;&nbsp;MyPrintf
</UL>

<P><STRONG><a name="[1a3]"></a>vsprintf</STRONG> (Thumb, 0 bytes, Stack size 24 bytes, printfa.o(i.__0vsprintf), UNUSED)

<P><STRONG><a name="[1a4]"></a>__scatterload_copy</STRONG> (Thumb, 14 bytes, Stack size unknown bytes, handlers.o(i.__scatterload_copy), UNUSED)

<P><STRONG><a name="[1a5]"></a>__scatterload_null</STRONG> (Thumb, 2 bytes, Stack size unknown bytes, handlers.o(i.__scatterload_null), UNUSED)

<P><STRONG><a name="[1a6]"></a>__scatterload_zeroinit</STRONG> (Thumb, 14 bytes, Stack size unknown bytes, handlers.o(i.__scatterload_zeroinit), UNUSED)

<P><STRONG><a name="[65]"></a>indtcbuf</STRONG> (Thumb, 270 bytes, Stack size 48 bytes, obdii.o(i.indtcbuf))
<BR><BR>[Stack]<UL><LI>Max Depth = 80<LI>Call Chain = indtcbuf &rArr; Trace &rArr; Uart_send
</UL>
<BR>[Calls]<UL><LI><a href="#[5e]">&gt;&gt;</a>&nbsp;&nbsp;&nbsp;Trace
<LI><a href="#[6b]">&gt;&gt;</a>&nbsp;&nbsp;&nbsp;Uart_send
</UL>
<BR>[Called By]<UL><LI><a href="#[64]">&gt;&gt;</a>&nbsp;&nbsp;&nbsp;App_CmdDtc
</UL>

<P><STRONG><a name="[35]"></a>main</STRONG> (Thumb, 108 bytes, Stack size 0 bytes, main.o(i.main))
<BR><BR>[Stack]<UL><LI>Max Depth = 592<LI>Call Chain = main &rArr; Obd_task &rArr; Obd_PidCycle_Deal &rArr; Ecu_MilState &rArr; App_ExeCmd &rArr; BspObdiiRead &rArr; BspObdii_VpwRead &rArr; Vpw_Rec_Deal &rArr; PwmDataIn &rArr; SendPwmFrame &rArr; CheckSysTick &rArr; MyPrintf &rArr; Uart_send
</UL>
<BR>[Calls]<UL><LI><a href="#[103]">&gt;&gt;</a>&nbsp;&nbsp;&nbsp;Pro_Task
<LI><a href="#[fd]">&gt;&gt;</a>&nbsp;&nbsp;&nbsp;Pro_Initial
<LI><a href="#[f3]">&gt;&gt;</a>&nbsp;&nbsp;&nbsp;Obd_task
<LI><a href="#[ec]">&gt;&gt;</a>&nbsp;&nbsp;&nbsp;Obd_App_Initial
<LI><a href="#[ea]">&gt;&gt;</a>&nbsp;&nbsp;&nbsp;ObdDealInital
<LI><a href="#[ae]">&gt;&gt;</a>&nbsp;&nbsp;&nbsp;BspObdii_initial
<LI><a href="#[6c]">&gt;&gt;</a>&nbsp;&nbsp;&nbsp;App_Task
<LI><a href="#[fa]">&gt;&gt;</a>&nbsp;&nbsp;&nbsp;PowerCheck
<LI><a href="#[58]">&gt;&gt;</a>&nbsp;&nbsp;&nbsp;MyPrintf
<LI><a href="#[109]">&gt;&gt;</a>&nbsp;&nbsp;&nbsp;ReadSavePara
<LI><a href="#[8b]">&gt;&gt;</a>&nbsp;&nbsp;&nbsp;BSP_SysInit
<LI><a href="#[7a]">&gt;&gt;</a>&nbsp;&nbsp;&nbsp;BSP_RESET_DOG
<LI><a href="#[3b]">&gt;&gt;</a>&nbsp;&nbsp;&nbsp;__aeabi_memclr
</UL>
<BR>[Address Reference Count : 1]<UL><LI> entry7.o(.ARM.Collect$$$$00000007)
</UL>
<P><STRONG><a name="[70]"></a>trip_speed_check</STRONG> (Thumb, 194 bytes, Stack size 24 bytes, obdii.o(i.trip_speed_check))
<BR><BR>[Stack]<UL><LI>Max Depth = 128<LI>Call Chain = trip_speed_check &rArr; __aeabi_dmul &rArr; _double_epilogue &rArr; _double_round
</UL>
<BR>[Calls]<UL><LI><a href="#[4e]">&gt;&gt;</a>&nbsp;&nbsp;&nbsp;__aeabi_ui2f
<LI><a href="#[4c]">&gt;&gt;</a>&nbsp;&nbsp;&nbsp;__aeabi_ddiv
<LI><a href="#[4f]">&gt;&gt;</a>&nbsp;&nbsp;&nbsp;__aeabi_ui2d
<LI><a href="#[dd]">&gt;&gt;</a>&nbsp;&nbsp;&nbsp;__aeabi_f2d
<LI><a href="#[4b]">&gt;&gt;</a>&nbsp;&nbsp;&nbsp;__aeabi_dmul
<LI><a href="#[52]">&gt;&gt;</a>&nbsp;&nbsp;&nbsp;__aeabi_d2f
<LI><a href="#[6d]">&gt;&gt;</a>&nbsp;&nbsp;&nbsp;Pro_Pack_Obd
<LI><a href="#[41]">&gt;&gt;</a>&nbsp;&nbsp;&nbsp;__aeabi_fsub
</UL>
<BR>[Called By]<UL><LI><a href="#[6f]">&gt;&gt;</a>&nbsp;&nbsp;&nbsp;App_VssDeal
</UL>
<P>
<H3>
Local Symbols
</H3>
<P><STRONG><a name="[af]"></a>NVIC_SystemReset</STRONG> (Thumb, 22 bytes, Stack size 0 bytes, stm32f10x_it.o(i.NVIC_SystemReset))
<BR><BR>[Called By]<UL><LI><a href="#[5]">&gt;&gt;</a>&nbsp;&nbsp;&nbsp;UsageFault_Handler
<LI><a href="#[1]">&gt;&gt;</a>&nbsp;&nbsp;&nbsp;NMI_Handler
<LI><a href="#[3]">&gt;&gt;</a>&nbsp;&nbsp;&nbsp;MemManage_Handler
<LI><a href="#[2]">&gt;&gt;</a>&nbsp;&nbsp;&nbsp;HardFault_Handler
<LI><a href="#[4]">&gt;&gt;</a>&nbsp;&nbsp;&nbsp;BusFault_Handler
</UL>

<P><STRONG><a name="[111]"></a>SetSysClockToHSE</STRONG> (Thumb, 98 bytes, Stack size 0 bytes, system_stm32f10x.o(i.SetSysClockToHSE))
<BR><BR>[Called By]<UL><LI><a href="#[36]">&gt;&gt;</a>&nbsp;&nbsp;&nbsp;SystemInit
</UL>

<P><STRONG><a name="[11b]"></a>_fp_digits</STRONG> (Thumb, 318 bytes, Stack size 56 bytes, printfa.o(i._fp_digits), UNUSED)
<BR><BR>[Calls]<UL><LI><a href="#[4c]">&gt;&gt;</a>&nbsp;&nbsp;&nbsp;__aeabi_ddiv
<LI><a href="#[4b]">&gt;&gt;</a>&nbsp;&nbsp;&nbsp;__aeabi_dmul
<LI><a href="#[44]">&gt;&gt;</a>&nbsp;&nbsp;&nbsp;__aeabi_dadd
<LI><a href="#[53]">&gt;&gt;</a>&nbsp;&nbsp;&nbsp;__aeabi_uldivmod
<LI><a href="#[54]">&gt;&gt;</a>&nbsp;&nbsp;&nbsp;__aeabi_d2ulz
<LI><a href="#[11c]">&gt;&gt;</a>&nbsp;&nbsp;&nbsp;__aeabi_cdrcmple
</UL>
<BR>[Called By]<UL><LI><a href="#[119]">&gt;&gt;</a>&nbsp;&nbsp;&nbsp;_printf_core
</UL>

<P><STRONG><a name="[119]"></a>_printf_core</STRONG> (Thumb, 1734 bytes, Stack size 136 bytes, printfa.o(i._printf_core), UNUSED)
<BR><BR>[Calls]<UL><LI><a href="#[53]">&gt;&gt;</a>&nbsp;&nbsp;&nbsp;__aeabi_uldivmod
<LI><a href="#[11f]">&gt;&gt;</a>&nbsp;&nbsp;&nbsp;__aeabi_uidivmod
<LI><a href="#[11d]">&gt;&gt;</a>&nbsp;&nbsp;&nbsp;_printf_pre_padding
<LI><a href="#[11e]">&gt;&gt;</a>&nbsp;&nbsp;&nbsp;_printf_post_padding
<LI><a href="#[11b]">&gt;&gt;</a>&nbsp;&nbsp;&nbsp;_fp_digits
</UL>
<BR>[Called By]<UL><LI><a href="#[11a]">&gt;&gt;</a>&nbsp;&nbsp;&nbsp;__0vsprintf
<LI><a href="#[118]">&gt;&gt;</a>&nbsp;&nbsp;&nbsp;__0sprintf
</UL>

<P><STRONG><a name="[11e]"></a>_printf_post_padding</STRONG> (Thumb, 38 bytes, Stack size 24 bytes, printfa.o(i._printf_post_padding), UNUSED)
<BR><BR>[Called By]<UL><LI><a href="#[119]">&gt;&gt;</a>&nbsp;&nbsp;&nbsp;_printf_core
</UL>

<P><STRONG><a name="[11d]"></a>_printf_pre_padding</STRONG> (Thumb, 46 bytes, Stack size 24 bytes, printfa.o(i._printf_pre_padding), UNUSED)
<BR><BR>[Called By]<UL><LI><a href="#[119]">&gt;&gt;</a>&nbsp;&nbsp;&nbsp;_printf_core
</UL>

<P><STRONG><a name="[38]"></a>_sputc</STRONG> (Thumb, 10 bytes, Stack size 0 bytes, printfa.o(i._sputc))
<BR><BR>[Called By]<UL><LI><a href="#[11a]">&gt;&gt;</a>&nbsp;&nbsp;&nbsp;__0vsprintf
<LI><a href="#[118]">&gt;&gt;</a>&nbsp;&nbsp;&nbsp;__0sprintf
</UL>
<BR>[Address Reference Count : 2]<UL><LI> printfa.o(i.__0sprintf)
<LI> printfa.o(i.__0vsprintf)
</UL><P>
<H3>
Undefined Global Symbols
</H3><HR></body></html>
